<?xml version="1.0" encoding="ISO-8859-1" ?>
<link_info>
   <banner>TI ARM Linker Unix v20.2.7.LTS</banner>
   <copyright>Copyright (c) 1996-2018 Texas Instruments Incorporated</copyright>
   <link_time>0x690bd4cb</link_time>
   <link_errors>0x0</link_errors>
   <output_file>IGVC_encoder.out</output_file>
   <entry_point>
      <name>_c_int00_noargs</name>
      <address>0x2831</address>
   </entry_point>
   <input_file_list>
      <input_file id="fl-1">
         <path>./</path>
         <kind>object</kind>
         <file>clock.obj</file>
         <name>clock.obj</name>
      </input_file>
      <input_file id="fl-2">
         <path>./</path>
         <kind>object</kind>
         <file>gpio.obj</file>
         <name>gpio.obj</name>
      </input_file>
      <input_file id="fl-3">
         <path>./</path>
         <kind>object</kind>
         <file>main.obj</file>
         <name>main.obj</name>
      </input_file>
      <input_file id="fl-4">
         <path>./</path>
         <kind>object</kind>
         <file>rgb_led.obj</file>
         <name>rgb_led.obj</name>
      </input_file>
      <input_file id="fl-5">
         <path>./</path>
         <kind>object</kind>
         <file>tm4c123gh6pm_startup_ccs.obj</file>
         <name>tm4c123gh6pm_startup_ccs.obj</name>
      </input_file>
      <input_file id="fl-6">
         <path>./</path>
         <kind>object</kind>
         <file>uart0.obj</file>
         <name>uart0.obj</name>
      </input_file>
      <input_file id="fl-7">
         <path>./</path>
         <kind>object</kind>
         <file>wait.obj</file>
         <name>wait.obj</name>
      </input_file>
      <input_file id="fl-b">
         <kind>object</kind>
         <file>&lt;internal&gt;</file>
         <name>&lt;internal&gt;</name>
      </input_file>
      <input_file id="fl-c1">
         <path>/Applications/ti/ccs1280/ccs/tools/compiler/ti-cgt-arm_20.2.7.LTS/lib/</path>
         <kind>archive</kind>
         <file>rtsv7M4_T_le_v4SPD16_eabi.lib</file>
         <name>sprintf.c.obj</name>
      </input_file>
      <input_file id="fl-c2">
         <path>/Applications/ti/ccs1280/ccs/tools/compiler/ti-cgt-arm_20.2.7.LTS/lib/</path>
         <kind>archive</kind>
         <file>rtsv7M4_T_le_v4SPD16_eabi.lib</file>
         <name>fs_tod_t2.asm.obj</name>
      </input_file>
      <input_file id="fl-c3">
         <path>/Applications/ti/ccs1280/ccs/tools/compiler/ti-cgt-arm_20.2.7.LTS/lib/</path>
         <kind>archive</kind>
         <file>rtsv7M4_T_le_v4SPD16_eabi.lib</file>
         <name>memcpy_t2.asm.obj</name>
      </input_file>
      <input_file id="fl-c4">
         <path>/Applications/ti/ccs1280/ccs/tools/compiler/ti-cgt-arm_20.2.7.LTS/lib/</path>
         <kind>archive</kind>
         <file>rtsv7M4_T_le_v4SPD16_eabi.lib</file>
         <name>ull_tofs_t2.asm.obj</name>
      </input_file>
      <input_file id="fl-c5">
         <path>/Applications/ti/ccs1280/ccs/tools/compiler/ti-cgt-arm_20.2.7.LTS/lib/</path>
         <kind>archive</kind>
         <file>rtsv7M4_T_le_v4SPD16_eabi.lib</file>
         <name>copy_zero_init.c.obj</name>
      </input_file>
      <input_file id="fl-c6">
         <path>/Applications/ti/ccs1280/ccs/tools/compiler/ti-cgt-arm_20.2.7.LTS/lib/</path>
         <kind>archive</kind>
         <file>rtsv7M4_T_le_v4SPD16_eabi.lib</file>
         <name>copy_decompress_none.c.obj</name>
      </input_file>
      <input_file id="fl-c7">
         <path>/Applications/ti/ccs1280/ccs/tools/compiler/ti-cgt-arm_20.2.7.LTS/lib/</path>
         <kind>archive</kind>
         <file>rtsv7M4_T_le_v4SPD16_eabi.lib</file>
         <name>copy_decompress_lzss.c.obj</name>
      </input_file>
      <input_file id="fl-c8">
         <path>/Applications/ti/ccs1280/ccs/tools/compiler/ti-cgt-arm_20.2.7.LTS/lib/</path>
         <kind>archive</kind>
         <file>rtsv7M4_T_le_v4SPD16_eabi.lib</file>
         <name>atoi.c.obj</name>
      </input_file>
      <input_file id="fl-c9">
         <path>/Applications/ti/ccs1280/ccs/tools/compiler/ti-cgt-arm_20.2.7.LTS/lib/</path>
         <kind>archive</kind>
         <file>rtsv7M4_T_le_v4SPD16_eabi.lib</file>
         <name>ctype.c.obj</name>
      </input_file>
      <input_file id="fl-ca">
         <path>/Applications/ti/ccs1280/ccs/tools/compiler/ti-cgt-arm_20.2.7.LTS/lib/</path>
         <kind>archive</kind>
         <file>rtsv7M4_T_le_v4SPD16_eabi.lib</file>
         <name>strcmp.c.obj</name>
      </input_file>
      <input_file id="fl-cb">
         <path>/Applications/ti/ccs1280/ccs/tools/compiler/ti-cgt-arm_20.2.7.LTS/lib/</path>
         <kind>archive</kind>
         <file>rtsv7M4_T_le_v4SPD16_eabi.lib</file>
         <name>boot_cortex_m.c.obj</name>
      </input_file>
      <input_file id="fl-cc">
         <path>/Applications/ti/ccs1280/ccs/tools/compiler/ti-cgt-arm_20.2.7.LTS/lib/</path>
         <kind>archive</kind>
         <file>rtsv7M4_T_le_v4SPD16_eabi.lib</file>
         <name>_printfi.c.obj</name>
      </input_file>
      <input_file id="fl-cd">
         <path>/Applications/ti/ccs1280/ccs/tools/compiler/ti-cgt-arm_20.2.7.LTS/lib/</path>
         <kind>archive</kind>
         <file>rtsv7M4_T_le_v4SPD16_eabi.lib</file>
         <name>fd_add_t2.asm.obj</name>
      </input_file>
      <input_file id="fl-ce">
         <path>/Applications/ti/ccs1280/ccs/tools/compiler/ti-cgt-arm_20.2.7.LTS/lib/</path>
         <kind>archive</kind>
         <file>rtsv7M4_T_le_v4SPD16_eabi.lib</file>
         <name>fd_cmp_t2.asm.obj</name>
      </input_file>
      <input_file id="fl-cf">
         <path>/Applications/ti/ccs1280/ccs/tools/compiler/ti-cgt-arm_20.2.7.LTS/lib/</path>
         <kind>archive</kind>
         <file>rtsv7M4_T_le_v4SPD16_eabi.lib</file>
         <name>fd_div_t2.asm.obj</name>
      </input_file>
      <input_file id="fl-d0">
         <path>/Applications/ti/ccs1280/ccs/tools/compiler/ti-cgt-arm_20.2.7.LTS/lib/</path>
         <kind>archive</kind>
         <file>rtsv7M4_T_le_v4SPD16_eabi.lib</file>
         <name>fd_mul_t2.asm.obj</name>
      </input_file>
      <input_file id="fl-d1">
         <path>/Applications/ti/ccs1280/ccs/tools/compiler/ti-cgt-arm_20.2.7.LTS/lib/</path>
         <kind>archive</kind>
         <file>rtsv7M4_T_le_v4SPD16_eabi.lib</file>
         <name>fd_toi_t2.asm.obj</name>
      </input_file>
      <input_file id="fl-d2">
         <path>/Applications/ti/ccs1280/ccs/tools/compiler/ti-cgt-arm_20.2.7.LTS/lib/</path>
         <kind>archive</kind>
         <file>rtsv7M4_T_le_v4SPD16_eabi.lib</file>
         <name>i_tofd_t2.asm.obj</name>
      </input_file>
      <input_file id="fl-d3">
         <path>/Applications/ti/ccs1280/ccs/tools/compiler/ti-cgt-arm_20.2.7.LTS/lib/</path>
         <kind>archive</kind>
         <file>rtsv7M4_T_le_v4SPD16_eabi.lib</file>
         <name>memset_t2.asm.obj</name>
      </input_file>
      <input_file id="fl-d4">
         <path>/Applications/ti/ccs1280/ccs/tools/compiler/ti-cgt-arm_20.2.7.LTS/lib/</path>
         <kind>archive</kind>
         <file>rtsv7M4_T_le_v4SPD16_eabi.lib</file>
         <name>ull_div_t2.asm.obj</name>
      </input_file>
      <input_file id="fl-d5">
         <path>/Applications/ti/ccs1280/ccs/tools/compiler/ti-cgt-arm_20.2.7.LTS/lib/</path>
         <kind>archive</kind>
         <file>rtsv7M4_T_le_v4SPD16_eabi.lib</file>
         <name>autoinit.c.obj</name>
      </input_file>
      <input_file id="fl-d6">
         <path>/Applications/ti/ccs1280/ccs/tools/compiler/ti-cgt-arm_20.2.7.LTS/lib/</path>
         <kind>archive</kind>
         <file>rtsv7M4_T_le_v4SPD16_eabi.lib</file>
         <name>pre_init.c.obj</name>
      </input_file>
      <input_file id="fl-d7">
         <path>/Applications/ti/ccs1280/ccs/tools/compiler/ti-cgt-arm_20.2.7.LTS/lib/</path>
         <kind>archive</kind>
         <file>rtsv7M4_T_le_v4SPD16_eabi.lib</file>
         <name>cpy_tbl.c.obj</name>
      </input_file>
      <input_file id="fl-d8">
         <path>/Applications/ti/ccs1280/ccs/tools/compiler/ti-cgt-arm_20.2.7.LTS/lib/</path>
         <kind>archive</kind>
         <file>rtsv7M4_T_le_v4SPD16_eabi.lib</file>
         <name>exit.c.obj</name>
      </input_file>
      <input_file id="fl-d9">
         <path>/Applications/ti/ccs1280/ccs/tools/compiler/ti-cgt-arm_20.2.7.LTS/lib/</path>
         <kind>archive</kind>
         <file>rtsv7M4_T_le_v4SPD16_eabi.lib</file>
         <name>_lock.c.obj</name>
      </input_file>
      <input_file id="fl-da">
         <path>/Applications/ti/ccs1280/ccs/tools/compiler/ti-cgt-arm_20.2.7.LTS/lib/</path>
         <kind>archive</kind>
         <file>rtsv7M4_T_le_v4SPD16_eabi.lib</file>
         <name>_ltoa.c.obj</name>
      </input_file>
      <input_file id="fl-db">
         <path>/Applications/ti/ccs1280/ccs/tools/compiler/ti-cgt-arm_20.2.7.LTS/lib/</path>
         <kind>archive</kind>
         <file>rtsv7M4_T_le_v4SPD16_eabi.lib</file>
         <name>args_main.c.obj</name>
      </input_file>
      <input_file id="fl-dc">
         <path>/Applications/ti/ccs1280/ccs/tools/compiler/ti-cgt-arm_20.2.7.LTS/lib/</path>
         <kind>archive</kind>
         <file>rtsv7M4_T_le_v4SPD16_eabi.lib</file>
         <name>memccpy.c.obj</name>
      </input_file>
      <input_file id="fl-dd">
         <path>/Applications/ti/ccs1280/ccs/tools/compiler/ti-cgt-arm_20.2.7.LTS/lib/</path>
         <kind>archive</kind>
         <file>rtsv7M4_T_le_v4SPD16_eabi.lib</file>
         <name>strchr.c.obj</name>
      </input_file>
      <input_file id="fl-de">
         <path>/Applications/ti/ccs1280/ccs/tools/compiler/ti-cgt-arm_20.2.7.LTS/lib/</path>
         <kind>archive</kind>
         <file>rtsv7M4_T_le_v4SPD16_eabi.lib</file>
         <name>strlen.c.obj</name>
      </input_file>
      <input_file id="fl-df">
         <path>/Applications/ti/ccs1280/ccs/tools/compiler/ti-cgt-arm_20.2.7.LTS/lib/</path>
         <kind>archive</kind>
         <file>rtsv7M4_T_le_v4SPD16_eabi.lib</file>
         <name>errno.c.obj</name>
      </input_file>
      <input_file id="fl-e0">
         <path>/Applications/ti/ccs1280/ccs/tools/compiler/ti-cgt-arm_20.2.7.LTS/lib/</path>
         <kind>archive</kind>
         <file>rtsv7M4_T_le_v4SPD16_eabi.lib</file>
         <name>wcslen.c.obj</name>
      </input_file>
      <input_file id="fl-e1">
         <path>/Applications/ti/ccs1280/ccs/tools/compiler/ti-cgt-arm_20.2.7.LTS/lib/</path>
         <kind>archive</kind>
         <file>rtsv7M4_T_le_v4SPD16_eabi.lib</file>
         <name>s_frexp.c.obj</name>
      </input_file>
      <input_file id="fl-e2">
         <path>/Applications/ti/ccs1280/ccs/tools/compiler/ti-cgt-arm_20.2.7.LTS/lib/</path>
         <kind>archive</kind>
         <file>rtsv7M4_T_le_v4SPD16_eabi.lib</file>
         <name>s_scalbn.c.obj</name>
      </input_file>
      <input_file id="fl-e3">
         <path>/Applications/ti/ccs1280/ccs/tools/compiler/ti-cgt-arm_20.2.7.LTS/lib/</path>
         <kind>archive</kind>
         <file>rtsv7M4_T_le_v4SPD16_eabi.lib</file>
         <name>div0.asm.obj</name>
      </input_file>
      <input_file id="fl-e4">
         <path>/Applications/ti/ccs1280/ccs/tools/compiler/ti-cgt-arm_20.2.7.LTS/lib/</path>
         <kind>archive</kind>
         <file>rtsv7M4_T_le_v4SPD16_eabi.lib</file>
         <name>s_copysign.c.obj</name>
      </input_file>
   </input_file_list>
   <object_component_list>
      <object_component id="oc-12">
         <name>.intvecs</name>
         <load_address>0x0</load_address>
         <run_address>0x0</run_address>
         <size>0x26c</size>
         <input_file_ref idref="fl-5"/>
      </object_component>
      <object_component id="oc-f1">
         <name>.text:__TI_printfi</name>
         <load_address>0x26c</load_address>
         <run_address>0x26c</run_address>
         <size>0xa4e</size>
         <input_file_ref idref="fl-cc"/>
      </object_component>
      <object_component id="oc-289">
         <name>.text</name>
         <load_address>0xcba</load_address>
         <run_address>0xcba</run_address>
         <size>0x2</size>
         <input_file_ref idref="fl-e3"/>
      </object_component>
      <object_component id="oc-2d">
         <name>.text</name>
         <load_address>0xcbc</load_address>
         <run_address>0xcbc</run_address>
         <size>0x3d4</size>
         <input_file_ref idref="fl-3"/>
      </object_component>
      <object_component id="oc-7a">
         <name>.text</name>
         <load_address>0x1090</load_address>
         <run_address>0x1090</run_address>
         <size>0x388</size>
         <input_file_ref idref="fl-6"/>
      </object_component>
      <object_component id="oc-199">
         <name>.text:_pconv_a</name>
         <load_address>0x1418</load_address>
         <run_address>0x1418</run_address>
         <size>0x270</size>
         <input_file_ref idref="fl-cc"/>
      </object_component>
      <object_component id="oc-187">
         <name>.text:_pconv_g</name>
         <load_address>0x1688</load_address>
         <run_address>0x1688</run_address>
         <size>0x1d0</size>
         <input_file_ref idref="fl-cc"/>
      </object_component>
      <object_component id="oc-212">
         <name>.text</name>
         <load_address>0x1858</load_address>
         <run_address>0x1858</run_address>
         <size>0x1b6</size>
         <input_file_ref idref="fl-cd"/>
      </object_component>
      <object_component id="oc-193">
         <name>.text:_pconv_e</name>
         <load_address>0x1a10</load_address>
         <run_address>0x1a10</run_address>
         <size>0x13c</size>
         <input_file_ref idref="fl-cc"/>
      </object_component>
      <object_component id="oc-1f8">
         <name>.text</name>
         <load_address>0x1b4c</load_address>
         <run_address>0x1b4c</run_address>
         <size>0x136</size>
         <input_file_ref idref="fl-cf"/>
      </object_component>
      <object_component id="oc-224">
         <name>.text:fcvt</name>
         <load_address>0x1c84</load_address>
         <run_address>0x1c84</run_address>
         <size>0x124</size>
         <input_file_ref idref="fl-cc"/>
      </object_component>
      <object_component id="oc-80">
         <name>.text</name>
         <load_address>0x1da8</load_address>
         <run_address>0x1da8</run_address>
         <size>0x118</size>
         <input_file_ref idref="fl-4"/>
      </object_component>
      <object_component id="oc-238">
         <name>.text:scalbn</name>
         <load_address>0x1ec0</load_address>
         <run_address>0x1ec0</run_address>
         <size>0x110</size>
         <input_file_ref idref="fl-e2"/>
      </object_component>
      <object_component id="oc-1f3">
         <name>.text</name>
         <load_address>0x1fd0</load_address>
         <run_address>0x1fd0</run_address>
         <size>0xfc</size>
         <input_file_ref idref="fl-d0"/>
      </object_component>
      <object_component id="oc-17c">
         <name>.text:_ltostr</name>
         <load_address>0x20cc</load_address>
         <run_address>0x20cc</run_address>
         <size>0xb1</size>
         <input_file_ref idref="fl-cc"/>
      </object_component>
      <object_component id="oc-41">
         <name>.text</name>
         <load_address>0x217e</load_address>
         <run_address>0x217e</run_address>
         <size>0x9c</size>
         <input_file_ref idref="fl-c3"/>
      </object_component>
      <object_component id="oc-1ec">
         <name>.text</name>
         <load_address>0x221a</load_address>
         <run_address>0x221a</run_address>
         <size>0x96</size>
         <input_file_ref idref="fl-d4"/>
      </object_component>
      <object_component id="oc-182">
         <name>.text:__aeabi_cdcmple</name>
         <load_address>0x22b0</load_address>
         <run_address>0x22b0</run_address>
         <size>0x86</size>
         <input_file_ref idref="fl-ce"/>
      </object_component>
      <object_component id="oc-1fd">
         <name>.text:__aeabi_cdrcmple</name>
         <load_address>0x2336</load_address>
         <run_address>0x2336</run_address>
         <size>0x86</size>
         <input_file_ref idref="fl-ce"/>
      </object_component>
      <object_component id="oc-c2">
         <name>.text</name>
         <load_address>0x23bc</load_address>
         <run_address>0x23bc</run_address>
         <size>0x7a</size>
         <input_file_ref idref="fl-d3"/>
      </object_component>
      <object_component id="oc-21d">
         <name>.text:_mcpy</name>
         <load_address>0x2436</load_address>
         <run_address>0x2436</run_address>
         <size>0x6e</size>
         <input_file_ref idref="fl-cc"/>
      </object_component>
      <object_component id="oc-15">
         <name>.text:decompress:lzss:__TI_decompress_lzss</name>
         <load_address>0x24a4</load_address>
         <run_address>0x24a4</run_address>
         <size>0x68</size>
         <input_file_ref idref="fl-c7"/>
      </object_component>
      <object_component id="oc-232">
         <name>.text:frexp</name>
         <load_address>0x250c</load_address>
         <run_address>0x250c</run_address>
         <size>0x64</size>
         <input_file_ref idref="fl-e1"/>
      </object_component>
      <object_component id="oc-18d">
         <name>.text:_pconv_f</name>
         <load_address>0x2570</load_address>
         <run_address>0x2570</run_address>
         <size>0x56</size>
         <input_file_ref idref="fl-cc"/>
      </object_component>
      <object_component id="oc-207">
         <name>.text:__TI_ltoa</name>
         <load_address>0x25c6</load_address>
         <run_address>0x25c6</run_address>
         <size>0x54</size>
         <input_file_ref idref="fl-da"/>
      </object_component>
      <object_component id="oc-217">
         <name>.text:_ecpy</name>
         <load_address>0x261a</load_address>
         <run_address>0x261a</run_address>
         <size>0x52</size>
         <input_file_ref idref="fl-cc"/>
      </object_component>
      <object_component id="oc-db">
         <name>.text:atoi</name>
         <load_address>0x266c</load_address>
         <run_address>0x266c</run_address>
         <size>0x4c</size>
         <input_file_ref idref="fl-c8"/>
      </object_component>
      <object_component id="oc-202">
         <name>.text</name>
         <load_address>0x26b8</load_address>
         <run_address>0x26b8</run_address>
         <size>0x48</size>
         <input_file_ref idref="fl-d1"/>
      </object_component>
      <object_component id="oc-136">
         <name>.text:__TI_auto_init_nobinit_nopinit:__TI_auto_init_nobinit_nopinit</name>
         <load_address>0x2700</load_address>
         <run_address>0x2700</run_address>
         <size>0x44</size>
         <input_file_ref idref="fl-d5"/>
      </object_component>
      <object_component id="oc-90">
         <name>.text:sprintf</name>
         <load_address>0x2744</load_address>
         <run_address>0x2744</run_address>
         <size>0x40</size>
         <input_file_ref idref="fl-c1"/>
      </object_component>
      <object_component id="oc-22a">
         <name>.text:_fcpy</name>
         <load_address>0x2784</load_address>
         <run_address>0x2784</run_address>
         <size>0x3e</size>
         <input_file_ref idref="fl-cc"/>
      </object_component>
      <object_component id="oc-8b">
         <name>.text</name>
         <load_address>0x27c2</load_address>
         <run_address>0x27c2</run_address>
         <size>0x38</size>
         <input_file_ref idref="fl-c2"/>
      </object_component>
      <object_component id="oc-86">
         <name>.text</name>
         <load_address>0x27fa</load_address>
         <run_address>0x27fa</run_address>
         <size>0x36</size>
         <input_file_ref idref="fl-c4"/>
      </object_component>
      <object_component id="oc-5f">
         <name>.text:_c_int00_noargs:_c_int00_noargs</name>
         <load_address>0x2830</load_address>
         <run_address>0x2830</run_address>
         <size>0x34</size>
         <input_file_ref idref="fl-cb"/>
      </object_component>
      <object_component id="oc-20d">
         <name>.text</name>
         <load_address>0x2864</load_address>
         <run_address>0x2864</run_address>
         <size>0x2e</size>
         <input_file_ref idref="fl-d2"/>
      </object_component>
      <object_component id="oc-96">
         <name>.text</name>
         <load_address>0x2892</load_address>
         <run_address>0x2892</run_address>
         <size>0x24</size>
         <input_file_ref idref="fl-7"/>
      </object_component>
      <object_component id="oc-19f">
         <name>.text:memccpy</name>
         <load_address>0x28b6</load_address>
         <run_address>0x28b6</run_address>
         <size>0x1c</size>
         <input_file_ref idref="fl-dc"/>
      </object_component>
      <object_component id="oc-2a2">
         <name>.text:copysign</name>
         <load_address>0x28d2</load_address>
         <run_address>0x28d2</run_address>
         <size>0x1a</size>
         <input_file_ref idref="fl-e4"/>
      </object_component>
      <object_component id="oc-f7">
         <name>.text:_outs</name>
         <load_address>0x28ec</load_address>
         <run_address>0x28ec</run_address>
         <size>0x18</size>
         <input_file_ref idref="fl-c1"/>
      </object_component>
      <object_component id="oc-e1">
         <name>.text:strcmp</name>
         <load_address>0x2904</load_address>
         <run_address>0x2904</run_address>
         <size>0x18</size>
         <input_file_ref idref="fl-ca"/>
      </object_component>
      <object_component id="oc-23e">
         <name>.text:strchr</name>
         <load_address>0x291c</load_address>
         <run_address>0x291c</run_address>
         <size>0x16</size>
         <input_file_ref idref="fl-dd"/>
      </object_component>
      <object_component id="oc-176">
         <name>.text:strlen</name>
         <load_address>0x2932</load_address>
         <run_address>0x2932</run_address>
         <size>0x14</size>
         <input_file_ref idref="fl-de"/>
      </object_component>
      <object_component id="oc-1a5">
         <name>.text:wcslen</name>
         <load_address>0x2946</load_address>
         <run_address>0x2946</run_address>
         <size>0x12</size>
         <input_file_ref idref="fl-e0"/>
      </object_component>
      <object_component id="oc-74">
         <name>.text</name>
         <load_address>0x2958</load_address>
         <run_address>0x2958</run_address>
         <size>0x10</size>
         <input_file_ref idref="fl-1"/>
      </object_component>
      <object_component id="oc-1b">
         <name>.text:decompress:none:__TI_decompress_none</name>
         <load_address>0x2968</load_address>
         <run_address>0x2968</run_address>
         <size>0xe</size>
         <input_file_ref idref="fl-c6"/>
      </object_component>
      <object_component id="oc-27">
         <name>.text</name>
         <load_address>0x2976</load_address>
         <run_address>0x2976</run_address>
         <size>0xc</size>
         <input_file_ref idref="fl-5"/>
      </object_component>
      <object_component id="oc-fd">
         <name>.text:_outc</name>
         <load_address>0x2982</load_address>
         <run_address>0x2982</run_address>
         <size>0xa</size>
         <input_file_ref idref="fl-c1"/>
      </object_component>
      <object_component id="oc-1ab">
         <name>.text:__aeabi_errno_addr</name>
         <load_address>0x298c</load_address>
         <run_address>0x298c</run_address>
         <size>0x8</size>
         <input_file_ref idref="fl-df"/>
      </object_component>
      <object_component id="oc-c8">
         <name>.text:_system_pre_init</name>
         <load_address>0x2994</load_address>
         <run_address>0x2994</run_address>
         <size>0x4</size>
         <input_file_ref idref="fl-d6"/>
      </object_component>
      <object_component id="oc-12a">
         <name>.text:abort:abort</name>
         <load_address>0x2998</load_address>
         <run_address>0x2998</run_address>
         <size>0x4</size>
         <input_file_ref idref="fl-d8"/>
      </object_component>
      <object_component id="oc-168">
         <name>.const:.string:_ctypes_</name>
         <load_address>0x299c</load_address>
         <run_address>0x299c</run_address>
         <size>0x101</size>
         <input_file_ref idref="fl-c9"/>
      </object_component>
      <object_component id="oc-307">
         <name>.cinit..data.load</name>
         <load_address>0x2aa0</load_address>
         <run_address>0x2aa0</run_address>
         <size>0x16</size>
      </object_component>
      <object_component id="oc-305">
         <name>__TI_handler_table</name>
         <load_address>0x2ab8</load_address>
         <run_address>0x2ab8</run_address>
         <size>0x8</size>
      </object_component>
      <object_component id="oc-306">
         <name>__TI_cinit_table</name>
         <load_address>0x2ac0</load_address>
         <run_address>0x2ac0</run_address>
         <size>0x8</size>
      </object_component>
      <object_component id="oc-9c">
         <name>.data</name>
         <load_address>0x20000800</load_address>
         <run_address>0x20000800</run_address>
         <size>0x44</size>
         <input_file_ref idref="fl-3"/>
      </object_component>
      <object_component id="oc-24e">
         <name>.data</name>
         <load_address>0x20000844</load_address>
         <run_address>0x20000844</run_address>
         <size>0x4</size>
         <input_file_ref idref="fl-df"/>
      </object_component>
      <object_component id="oc-24">
         <name>.stack</name>
         <uninitialized>true</uninitialized>
         <run_address>0x20000000</run_address>
         <size>0x4</size>
         <input_file_ref idref="fl-cb"/>
      </object_component>
      <object_component id="oc-309">
         <name>.stack</name>
         <uninitialized>true</uninitialized>
         <run_address>0x20000000</run_address>
         <size>0x0</size>
      </object_component>
      <object_component id="oc-119">
         <name>.debug_info</name>
         <load_address>0x0</load_address>
         <run_address>0x0</run_address>
         <size>0x295</size>
         <input_file_ref idref="fl-1"/>
      </object_component>
      <object_component id="oc-75">
         <name>.debug_info</name>
         <load_address>0x295</load_address>
         <run_address>0x295</run_address>
         <size>0x152</size>
         <input_file_ref idref="fl-1"/>
      </object_component>
      <object_component id="oc-a8">
         <name>.debug_info</name>
         <load_address>0x3e7</load_address>
         <run_address>0x3e7</run_address>
         <size>0x26b</size>
         <input_file_ref idref="fl-1"/>
      </object_component>
      <object_component id="oc-3c">
         <name>.debug_info</name>
         <load_address>0x652</load_address>
         <run_address>0x652</run_address>
         <size>0x84</size>
         <input_file_ref idref="fl-1"/>
      </object_component>
      <object_component id="oc-10d">
         <name>.debug_info</name>
         <load_address>0x6d6</load_address>
         <run_address>0x6d6</run_address>
         <size>0x2a4</size>
         <input_file_ref idref="fl-1"/>
      </object_component>
      <object_component id="oc-a0">
         <name>.debug_info</name>
         <load_address>0x97a</load_address>
         <run_address>0x97a</run_address>
         <size>0xbb</size>
         <input_file_ref idref="fl-1"/>
      </object_component>
      <object_component id="oc-e8">
         <name>.debug_info</name>
         <load_address>0xa35</load_address>
         <run_address>0xa35</run_address>
         <size>0x8b</size>
         <input_file_ref idref="fl-2"/>
      </object_component>
      <object_component id="oc-a5">
         <name>.debug_info</name>
         <load_address>0xac0</load_address>
         <run_address>0xac0</run_address>
         <size>0x3df</size>
         <input_file_ref idref="fl-3"/>
      </object_component>
      <object_component id="oc-9d">
         <name>.debug_info</name>
         <load_address>0xe9f</load_address>
         <run_address>0xe9f</run_address>
         <size>0x331</size>
         <input_file_ref idref="fl-3"/>
      </object_component>
      <object_component id="oc-2f">
         <name>.debug_info</name>
         <load_address>0x11d0</load_address>
         <run_address>0x11d0</run_address>
         <size>0x470</size>
         <input_file_ref idref="fl-3"/>
      </object_component>
      <object_component id="oc-171">
         <name>.debug_info</name>
         <load_address>0x1640</load_address>
         <run_address>0x1640</run_address>
         <size>0x8a</size>
         <input_file_ref idref="fl-3"/>
      </object_component>
      <object_component id="oc-105">
         <name>.debug_info</name>
         <load_address>0x16ca</load_address>
         <run_address>0x16ca</run_address>
         <size>0x2c</size>
         <input_file_ref idref="fl-3"/>
      </object_component>
      <object_component id="oc-114">
         <name>.debug_info</name>
         <load_address>0x16f6</load_address>
         <run_address>0x16f6</run_address>
         <size>0x35</size>
         <input_file_ref idref="fl-3"/>
      </object_component>
      <object_component id="oc-83">
         <name>.debug_info</name>
         <load_address>0x172b</load_address>
         <run_address>0x172b</run_address>
         <size>0x1f2</size>
         <input_file_ref idref="fl-4"/>
      </object_component>
      <object_component id="oc-35">
         <name>.debug_info</name>
         <load_address>0x191d</load_address>
         <run_address>0x191d</run_address>
         <size>0x342</size>
         <input_file_ref idref="fl-5"/>
      </object_component>
      <object_component id="oc-13">
         <name>.debug_info</name>
         <load_address>0x1c5f</load_address>
         <run_address>0x1c5f</run_address>
         <size>0x125</size>
         <input_file_ref idref="fl-5"/>
      </object_component>
      <object_component id="oc-29">
         <name>.debug_info</name>
         <load_address>0x1d84</load_address>
         <run_address>0x1d84</run_address>
         <size>0x2a1</size>
         <input_file_ref idref="fl-5"/>
      </object_component>
      <object_component id="oc-ed">
         <name>.debug_info</name>
         <load_address>0x2025</load_address>
         <run_address>0x2025</run_address>
         <size>0x34f</size>
         <input_file_ref idref="fl-6"/>
      </object_component>
      <object_component id="oc-7e">
         <name>.debug_info</name>
         <load_address>0x2374</load_address>
         <run_address>0x2374</run_address>
         <size>0x79c</size>
         <input_file_ref idref="fl-6"/>
      </object_component>
      <object_component id="oc-97">
         <name>.debug_info</name>
         <load_address>0x2b10</load_address>
         <run_address>0x2b10</run_address>
         <size>0x15c</size>
         <input_file_ref idref="fl-7"/>
      </object_component>
      <object_component id="oc-104">
         <name>.debug_info</name>
         <load_address>0x2c6c</load_address>
         <run_address>0x2c6c</run_address>
         <size>0x333</size>
         <input_file_ref idref="fl-c1"/>
      </object_component>
      <object_component id="oc-93">
         <name>.debug_info</name>
         <load_address>0x2f9f</load_address>
         <run_address>0x2f9f</run_address>
         <size>0x1d1</size>
         <input_file_ref idref="fl-c1"/>
      </object_component>
      <object_component id="oc-fb">
         <name>.debug_info</name>
         <load_address>0x3170</load_address>
         <run_address>0x3170</run_address>
         <size>0x18d</size>
         <input_file_ref idref="fl-c1"/>
      </object_component>
      <object_component id="oc-100">
         <name>.debug_info</name>
         <load_address>0x32fd</load_address>
         <run_address>0x32fd</run_address>
         <size>0x16d</size>
         <input_file_ref idref="fl-c1"/>
      </object_component>
      <object_component id="oc-255">
         <name>.debug_info</name>
         <load_address>0x346a</load_address>
         <run_address>0x346a</run_address>
         <size>0x2c</size>
         <input_file_ref idref="fl-c1"/>
      </object_component>
      <object_component id="oc-8e">
         <name>.debug_info</name>
         <load_address>0x3496</load_address>
         <run_address>0x3496</run_address>
         <size>0x12c</size>
         <input_file_ref idref="fl-c2"/>
      </object_component>
      <object_component id="oc-43">
         <name>.debug_info</name>
         <load_address>0x35c2</load_address>
         <run_address>0x35c2</run_address>
         <size>0x119</size>
         <input_file_ref idref="fl-c3"/>
      </object_component>
      <object_component id="oc-89">
         <name>.debug_info</name>
         <load_address>0x36db</load_address>
         <run_address>0x36db</run_address>
         <size>0x12d</size>
         <input_file_ref idref="fl-c4"/>
      </object_component>
      <object_component id="oc-121">
         <name>.debug_info</name>
         <load_address>0x3808</load_address>
         <run_address>0x3808</run_address>
         <size>0x2c</size>
         <input_file_ref idref="fl-c5"/>
      </object_component>
      <object_component id="oc-4c">
         <name>.debug_info</name>
         <load_address>0x3834</load_address>
         <run_address>0x3834</run_address>
         <size>0x2a8</size>
         <input_file_ref idref="fl-c6"/>
      </object_component>
      <object_component id="oc-1f">
         <name>.debug_info</name>
         <load_address>0x3adc</load_address>
         <run_address>0x3adc</run_address>
         <size>0x1ea</size>
         <input_file_ref idref="fl-c6"/>
      </object_component>
      <object_component id="oc-47">
         <name>.debug_info</name>
         <load_address>0x3cc6</load_address>
         <run_address>0x3cc6</run_address>
         <size>0x46</size>
         <input_file_ref idref="fl-c6"/>
      </object_component>
      <object_component id="oc-b4">
         <name>.debug_info</name>
         <load_address>0x3d0c</load_address>
         <run_address>0x3d0c</run_address>
         <size>0x2c</size>
         <input_file_ref idref="fl-c6"/>
      </object_component>
      <object_component id="oc-b2">
         <name>.debug_info</name>
         <load_address>0x3d38</load_address>
         <run_address>0x3d38</run_address>
         <size>0x29e</size>
         <input_file_ref idref="fl-c7"/>
      </object_component>
      <object_component id="oc-16">
         <name>.debug_info</name>
         <load_address>0x3fd6</load_address>
         <run_address>0x3fd6</run_address>
         <size>0x250</size>
         <input_file_ref idref="fl-c7"/>
      </object_component>
      <object_component id="oc-37">
         <name>.debug_info</name>
         <load_address>0x4226</load_address>
         <run_address>0x4226</run_address>
         <size>0x60</size>
         <input_file_ref idref="fl-c7"/>
      </object_component>
      <object_component id="oc-11a">
         <name>.debug_info</name>
         <load_address>0x4286</load_address>
         <run_address>0x4286</run_address>
         <size>0x46</size>
         <input_file_ref idref="fl-c7"/>
      </object_component>
      <object_component id="oc-ad">
         <name>.debug_info</name>
         <load_address>0x42cc</load_address>
         <run_address>0x42cc</run_address>
         <size>0x39</size>
         <input_file_ref idref="fl-c7"/>
      </object_component>
      <object_component id="oc-16c">
         <name>.debug_info</name>
         <load_address>0x4305</load_address>
         <run_address>0x4305</run_address>
         <size>0x2b9</size>
         <input_file_ref idref="fl-c8"/>
      </object_component>
      <object_component id="oc-dc">
         <name>.debug_info</name>
         <load_address>0x45be</load_address>
         <run_address>0x45be</run_address>
         <size>0x17c</size>
         <input_file_ref idref="fl-c8"/>
      </object_component>
      <object_component id="oc-1e5">
         <name>.debug_info</name>
         <load_address>0x473a</load_address>
         <run_address>0x473a</run_address>
         <size>0xf9</size>
         <input_file_ref idref="fl-c9"/>
      </object_component>
      <object_component id="oc-169">
         <name>.debug_info</name>
         <load_address>0x4833</load_address>
         <run_address>0x4833</run_address>
         <size>0x105</size>
         <input_file_ref idref="fl-c9"/>
      </object_component>
      <object_component id="oc-16e">
         <name>.debug_info</name>
         <load_address>0x4938</load_address>
         <run_address>0x4938</run_address>
         <size>0x28a</size>
         <input_file_ref idref="fl-ca"/>
      </object_component>
      <object_component id="oc-e5">
         <name>.debug_info</name>
         <load_address>0x4bc2</load_address>
         <run_address>0x4bc2</run_address>
         <size>0x273</size>
         <input_file_ref idref="fl-ca"/>
      </object_component>
      <object_component id="oc-25">
         <name>.debug_info</name>
         <load_address>0x4e35</load_address>
         <run_address>0x4e35</run_address>
         <size>0x10b</size>
         <input_file_ref idref="fl-cb"/>
      </object_component>
      <object_component id="oc-60">
         <name>.debug_info</name>
         <load_address>0x4f40</load_address>
         <run_address>0x4f40</run_address>
         <size>0x1a9</size>
         <input_file_ref idref="fl-cb"/>
      </object_component>
      <object_component id="oc-1b2">
         <name>.debug_info</name>
         <load_address>0x50e9</load_address>
         <run_address>0x50e9</run_address>
         <size>0x590</size>
         <input_file_ref idref="fl-cc"/>
      </object_component>
      <object_component id="oc-17f">
         <name>.debug_info</name>
         <load_address>0x5679</load_address>
         <run_address>0x5679</run_address>
         <size>0x21e</size>
         <input_file_ref idref="fl-cc"/>
      </object_component>
      <object_component id="oc-21a">
         <name>.debug_info</name>
         <load_address>0x5897</load_address>
         <run_address>0x5897</run_address>
         <size>0x1b3</size>
         <input_file_ref idref="fl-cc"/>
      </object_component>
      <object_component id="oc-220">
         <name>.debug_info</name>
         <load_address>0x5a4a</load_address>
         <run_address>0x5a4a</run_address>
         <size>0x21b</size>
         <input_file_ref idref="fl-cc"/>
      </object_component>
      <object_component id="oc-18a">
         <name>.debug_info</name>
         <load_address>0x5c65</load_address>
         <run_address>0x5c65</run_address>
         <size>0x3c0</size>
         <input_file_ref idref="fl-cc"/>
      </object_component>
      <object_component id="oc-227">
         <name>.debug_info</name>
         <load_address>0x6025</load_address>
         <run_address>0x6025</run_address>
         <size>0x30a</size>
         <input_file_ref idref="fl-cc"/>
      </object_component>
      <object_component id="oc-22d">
         <name>.debug_info</name>
         <load_address>0x632f</load_address>
         <run_address>0x632f</run_address>
         <size>0x215</size>
         <input_file_ref idref="fl-cc"/>
      </object_component>
      <object_component id="oc-190">
         <name>.debug_info</name>
         <load_address>0x6544</load_address>
         <run_address>0x6544</run_address>
         <size>0x215</size>
         <input_file_ref idref="fl-cc"/>
      </object_component>
      <object_component id="oc-196">
         <name>.debug_info</name>
         <load_address>0x6759</load_address>
         <run_address>0x6759</run_address>
         <size>0x304</size>
         <input_file_ref idref="fl-cc"/>
      </object_component>
      <object_component id="oc-19c">
         <name>.debug_info</name>
         <load_address>0x6a5d</load_address>
         <run_address>0x6a5d</run_address>
         <size>0x4b5</size>
         <input_file_ref idref="fl-cc"/>
      </object_component>
      <object_component id="oc-f4">
         <name>.debug_info</name>
         <load_address>0x6f12</load_address>
         <run_address>0x6f12</run_address>
         <size>0x5f4</size>
         <input_file_ref idref="fl-cc"/>
      </object_component>
      <object_component id="oc-1b3">
         <name>.debug_info</name>
         <load_address>0x7506</load_address>
         <run_address>0x7506</run_address>
         <size>0x86</size>
         <input_file_ref idref="fl-cc"/>
      </object_component>
      <object_component id="oc-25a">
         <name>.debug_info</name>
         <load_address>0x758c</load_address>
         <run_address>0x758c</run_address>
         <size>0x39</size>
         <input_file_ref idref="fl-cc"/>
      </object_component>
      <object_component id="oc-2b9">
         <name>.debug_info</name>
         <load_address>0x75c5</load_address>
         <run_address>0x75c5</run_address>
         <size>0xb6</size>
         <input_file_ref idref="fl-cc"/>
      </object_component>
      <object_component id="oc-25f">
         <name>.debug_info</name>
         <load_address>0x767b</load_address>
         <run_address>0x767b</run_address>
         <size>0x46</size>
         <input_file_ref idref="fl-cc"/>
      </object_component>
      <object_component id="oc-1b8">
         <name>.debug_info</name>
         <load_address>0x76c1</load_address>
         <run_address>0x76c1</run_address>
         <size>0x46</size>
         <input_file_ref idref="fl-cc"/>
      </object_component>
      <object_component id="oc-213">
         <name>.debug_info</name>
         <load_address>0x7707</load_address>
         <run_address>0x7707</run_address>
         <size>0x14c</size>
         <input_file_ref idref="fl-cd"/>
      </object_component>
      <object_component id="oc-183">
         <name>.debug_info</name>
         <load_address>0x7853</load_address>
         <run_address>0x7853</run_address>
         <size>0x128</size>
         <input_file_ref idref="fl-ce"/>
      </object_component>
      <object_component id="oc-1fe">
         <name>.debug_info</name>
         <load_address>0x797b</load_address>
         <run_address>0x797b</run_address>
         <size>0x12a</size>
         <input_file_ref idref="fl-ce"/>
      </object_component>
      <object_component id="oc-1f9">
         <name>.debug_info</name>
         <load_address>0x7aa5</load_address>
         <run_address>0x7aa5</run_address>
         <size>0x13a</size>
         <input_file_ref idref="fl-cf"/>
      </object_component>
      <object_component id="oc-1f4">
         <name>.debug_info</name>
         <load_address>0x7bdf</load_address>
         <run_address>0x7bdf</run_address>
         <size>0x13a</size>
         <input_file_ref idref="fl-d0"/>
      </object_component>
      <object_component id="oc-203">
         <name>.debug_info</name>
         <load_address>0x7d19</load_address>
         <run_address>0x7d19</run_address>
         <size>0x12e</size>
         <input_file_ref idref="fl-d1"/>
      </object_component>
      <object_component id="oc-20e">
         <name>.debug_info</name>
         <load_address>0x7e47</load_address>
         <run_address>0x7e47</run_address>
         <size>0x12c</size>
         <input_file_ref idref="fl-d2"/>
      </object_component>
      <object_component id="oc-c4">
         <name>.debug_info</name>
         <load_address>0x7f73</load_address>
         <run_address>0x7f73</run_address>
         <size>0x147</size>
         <input_file_ref idref="fl-d3"/>
      </object_component>
      <object_component id="oc-1ed">
         <name>.debug_info</name>
         <load_address>0x80ba</load_address>
         <run_address>0x80ba</run_address>
         <size>0x134</size>
         <input_file_ref idref="fl-d4"/>
      </object_component>
      <object_component id="oc-1ce">
         <name>.debug_info</name>
         <load_address>0x81ee</load_address>
         <run_address>0x81ee</run_address>
         <size>0x4b3</size>
         <input_file_ref idref="fl-d5"/>
      </object_component>
      <object_component id="oc-13a">
         <name>.debug_info</name>
         <load_address>0x86a1</load_address>
         <run_address>0x86a1</run_address>
         <size>0x1a6</size>
         <input_file_ref idref="fl-d5"/>
      </object_component>
      <object_component id="oc-274">
         <name>.debug_info</name>
         <load_address>0x8847</load_address>
         <run_address>0x8847</run_address>
         <size>0x39</size>
         <input_file_ref idref="fl-d5"/>
      </object_component>
      <object_component id="oc-2c1">
         <name>.debug_info</name>
         <load_address>0x8880</load_address>
         <run_address>0x8880</run_address>
         <size>0x39</size>
         <input_file_ref idref="fl-d5"/>
      </object_component>
      <object_component id="oc-279">
         <name>.debug_info</name>
         <load_address>0x88b9</load_address>
         <run_address>0x88b9</run_address>
         <size>0x39</size>
         <input_file_ref idref="fl-d5"/>
      </object_component>
      <object_component id="oc-27e">
         <name>.debug_info</name>
         <load_address>0x88f2</load_address>
         <run_address>0x88f2</run_address>
         <size>0xcd</size>
         <input_file_ref idref="fl-d5"/>
      </object_component>
      <object_component id="oc-ca">
         <name>.debug_info</name>
         <load_address>0x89bf</load_address>
         <run_address>0x89bf</run_address>
         <size>0x153</size>
         <input_file_ref idref="fl-d6"/>
      </object_component>
      <object_component id="oc-12b">
         <name>.debug_info</name>
         <load_address>0x8b12</load_address>
         <run_address>0x8b12</run_address>
         <size>0x122</size>
         <input_file_ref idref="fl-d8"/>
      </object_component>
      <object_component id="oc-294">
         <name>.debug_info</name>
         <load_address>0x8c34</load_address>
         <run_address>0x8c34</run_address>
         <size>0x29c</size>
         <input_file_ref idref="fl-da"/>
      </object_component>
      <object_component id="oc-208">
         <name>.debug_info</name>
         <load_address>0x8ed0</load_address>
         <run_address>0x8ed0</run_address>
         <size>0x1da</size>
         <input_file_ref idref="fl-da"/>
      </object_component>
      <object_component id="oc-246">
         <name>.debug_info</name>
         <load_address>0x90aa</load_address>
         <run_address>0x90aa</run_address>
         <size>0x2a7</size>
         <input_file_ref idref="fl-dc"/>
      </object_component>
      <object_component id="oc-1a0">
         <name>.debug_info</name>
         <load_address>0x9351</load_address>
         <run_address>0x9351</run_address>
         <size>0x1b8</size>
         <input_file_ref idref="fl-dc"/>
      </object_component>
      <object_component id="oc-2ab">
         <name>.debug_info</name>
         <load_address>0x9509</load_address>
         <run_address>0x9509</run_address>
         <size>0x29a</size>
         <input_file_ref idref="fl-dd"/>
      </object_component>
      <object_component id="oc-23f">
         <name>.debug_info</name>
         <load_address>0x97a3</load_address>
         <run_address>0x97a3</run_address>
         <size>0x262</size>
         <input_file_ref idref="fl-dd"/>
      </object_component>
      <object_component id="oc-1eb">
         <name>.debug_info</name>
         <load_address>0x9a05</load_address>
         <run_address>0x9a05</run_address>
         <size>0x28f</size>
         <input_file_ref idref="fl-de"/>
      </object_component>
      <object_component id="oc-177">
         <name>.debug_info</name>
         <load_address>0x9c94</load_address>
         <run_address>0x9c94</run_address>
         <size>0x245</size>
         <input_file_ref idref="fl-de"/>
      </object_component>
      <object_component id="oc-252">
         <name>.debug_info</name>
         <load_address>0x9ed9</load_address>
         <run_address>0x9ed9</run_address>
         <size>0x289</size>
         <input_file_ref idref="fl-df"/>
      </object_component>
      <object_component id="oc-24f">
         <name>.debug_info</name>
         <load_address>0xa162</load_address>
         <run_address>0xa162</run_address>
         <size>0x10e</size>
         <input_file_ref idref="fl-df"/>
      </object_component>
      <object_component id="oc-1af">
         <name>.debug_info</name>
         <load_address>0xa270</load_address>
         <run_address>0xa270</run_address>
         <size>0x14e</size>
         <input_file_ref idref="fl-df"/>
      </object_component>
      <object_component id="oc-24d">
         <name>.debug_info</name>
         <load_address>0xa3be</load_address>
         <run_address>0xa3be</run_address>
         <size>0x28f</size>
         <input_file_ref idref="fl-e0"/>
      </object_component>
      <object_component id="oc-1a6">
         <name>.debug_info</name>
         <load_address>0xa64d</load_address>
         <run_address>0xa64d</run_address>
         <size>0x15a</size>
         <input_file_ref idref="fl-e0"/>
      </object_component>
      <object_component id="oc-2ae">
         <name>.debug_info</name>
         <load_address>0xa7a7</load_address>
         <run_address>0xa7a7</run_address>
         <size>0x46</size>
         <input_file_ref idref="fl-e0"/>
      </object_component>
      <object_component id="oc-248">
         <name>.debug_info</name>
         <load_address>0xa7ed</load_address>
         <run_address>0xa7ed</run_address>
         <size>0x39</size>
         <input_file_ref idref="fl-e0"/>
      </object_component>
      <object_component id="oc-29c">
         <name>.debug_info</name>
         <load_address>0xa826</load_address>
         <run_address>0xa826</run_address>
         <size>0x295</size>
         <input_file_ref idref="fl-e1"/>
      </object_component>
      <object_component id="oc-235">
         <name>.debug_info</name>
         <load_address>0xaabb</load_address>
         <run_address>0xaabb</run_address>
         <size>0x195</size>
         <input_file_ref idref="fl-e1"/>
      </object_component>
      <object_component id="oc-2d2">
         <name>.debug_info</name>
         <load_address>0xac50</load_address>
         <run_address>0xac50</run_address>
         <size>0x39</size>
         <input_file_ref idref="fl-e1"/>
      </object_component>
      <object_component id="oc-29d">
         <name>.debug_info</name>
         <load_address>0xac89</load_address>
         <run_address>0xac89</run_address>
         <size>0x2c</size>
         <input_file_ref idref="fl-e1"/>
      </object_component>
      <object_component id="oc-2a9">
         <name>.debug_info</name>
         <load_address>0xacb5</load_address>
         <run_address>0xacb5</run_address>
         <size>0x2f8</size>
         <input_file_ref idref="fl-e2"/>
      </object_component>
      <object_component id="oc-23a">
         <name>.debug_info</name>
         <load_address>0xafad</load_address>
         <run_address>0xafad</run_address>
         <size>0x225</size>
         <input_file_ref idref="fl-e2"/>
      </object_component>
      <object_component id="oc-28a">
         <name>.debug_info</name>
         <load_address>0xb1d2</load_address>
         <run_address>0xb1d2</run_address>
         <size>0x115</size>
         <input_file_ref idref="fl-e3"/>
      </object_component>
      <object_component id="oc-2a6">
         <name>.debug_info</name>
         <load_address>0xb2e7</load_address>
         <run_address>0xb2e7</run_address>
         <size>0x161</size>
         <input_file_ref idref="fl-e4"/>
      </object_component>
      <object_component id="oc-30a">
         <name>.debug_info</name>
         <load_address>0xb448</load_address>
         <run_address>0xb448</run_address>
         <size>0xd8</size>
      </object_component>
      <object_component id="oc-1c2">
         <name>.debug_line</name>
         <load_address>0x0</load_address>
         <run_address>0x0</run_address>
         <size>0x20</size>
         <input_file_ref idref="fl-1"/>
      </object_component>
      <object_component id="oc-78">
         <name>.debug_line</name>
         <load_address>0x20</load_address>
         <run_address>0x20</run_address>
         <size>0x43</size>
         <input_file_ref idref="fl-1"/>
      </object_component>
      <object_component id="oc-ab">
         <name>.debug_line</name>
         <load_address>0x63</load_address>
         <run_address>0x63</run_address>
         <size>0x7a</size>
         <input_file_ref idref="fl-1"/>
      </object_component>
      <object_component id="oc-3f">
         <name>.debug_line</name>
         <load_address>0xdd</load_address>
         <run_address>0xdd</run_address>
         <size>0x20</size>
         <input_file_ref idref="fl-1"/>
      </object_component>
      <object_component id="oc-110">
         <name>.debug_line</name>
         <load_address>0xfd</load_address>
         <run_address>0xfd</run_address>
         <size>0x7e</size>
         <input_file_ref idref="fl-1"/>
      </object_component>
      <object_component id="oc-a3">
         <name>.debug_line</name>
         <load_address>0x17b</load_address>
         <run_address>0x17b</run_address>
         <size>0x7b</size>
         <input_file_ref idref="fl-1"/>
      </object_component>
      <object_component id="oc-eb">
         <name>.debug_line</name>
         <load_address>0x1f6</load_address>
         <run_address>0x1f6</run_address>
         <size>0x20</size>
         <input_file_ref idref="fl-2"/>
      </object_component>
      <object_component id="oc-113">
         <name>.debug_line</name>
         <load_address>0x216</load_address>
         <run_address>0x216</run_address>
         <size>0xae</size>
         <input_file_ref idref="fl-3"/>
      </object_component>
      <object_component id="oc-10c">
         <name>.debug_line</name>
         <load_address>0x2c4</load_address>
         <run_address>0x2c4</run_address>
         <size>0x2d</size>
         <input_file_ref idref="fl-3"/>
      </object_component>
      <object_component id="oc-31">
         <name>.debug_line</name>
         <load_address>0x2f1</load_address>
         <run_address>0x2f1</run_address>
         <size>0x116</size>
         <input_file_ref idref="fl-3"/>
      </object_component>
      <object_component id="oc-174">
         <name>.debug_line</name>
         <load_address>0x407</load_address>
         <run_address>0x407</run_address>
         <size>0x2e</size>
         <input_file_ref idref="fl-3"/>
      </object_component>
      <object_component id="oc-108">
         <name>.debug_line</name>
         <load_address>0x435</load_address>
         <run_address>0x435</run_address>
         <size>0x76</size>
         <input_file_ref idref="fl-3"/>
      </object_component>
      <object_component id="oc-117">
         <name>.debug_line</name>
         <load_address>0x4ab</load_address>
         <run_address>0x4ab</run_address>
         <size>0x7f</size>
         <input_file_ref idref="fl-3"/>
      </object_component>
      <object_component id="oc-85">
         <name>.debug_line</name>
         <load_address>0x52a</load_address>
         <run_address>0x52a</run_address>
         <size>0x77</size>
         <input_file_ref idref="fl-4"/>
      </object_component>
      <object_component id="oc-a7">
         <name>.debug_line</name>
         <load_address>0x5a1</load_address>
         <run_address>0x5a1</run_address>
         <size>0x41</size>
         <input_file_ref idref="fl-5"/>
      </object_component>
      <object_component id="oc-34">
         <name>.debug_line</name>
         <load_address>0x5e2</load_address>
         <run_address>0x5e2</run_address>
         <size>0x41</size>
         <input_file_ref idref="fl-5"/>
      </object_component>
      <object_component id="oc-2b">
         <name>.debug_line</name>
         <load_address>0x623</load_address>
         <run_address>0x623</run_address>
         <size>0xa1</size>
         <input_file_ref idref="fl-5"/>
      </object_component>
      <object_component id="oc-170">
         <name>.debug_line</name>
         <load_address>0x6c4</load_address>
         <run_address>0x6c4</run_address>
         <size>0xcc</size>
         <input_file_ref idref="fl-6"/>
      </object_component>
      <object_component id="oc-7b">
         <name>.debug_line</name>
         <load_address>0x790</load_address>
         <run_address>0x790</run_address>
         <size>0x205</size>
         <input_file_ref idref="fl-6"/>
      </object_component>
      <object_component id="oc-9a">
         <name>.debug_line</name>
         <load_address>0x995</load_address>
         <run_address>0x995</run_address>
         <size>0x52</size>
         <input_file_ref idref="fl-7"/>
      </object_component>
      <object_component id="oc-1c0">
         <name>.debug_line</name>
         <load_address>0x9e7</load_address>
         <run_address>0x9e7</run_address>
         <size>0x2d</size>
         <input_file_ref idref="fl-c1"/>
      </object_component>
      <object_component id="oc-92">
         <name>.debug_line</name>
         <load_address>0xa14</load_address>
         <run_address>0xa14</run_address>
         <size>0x4b</size>
         <input_file_ref idref="fl-c1"/>
      </object_component>
      <object_component id="oc-fa">
         <name>.debug_line</name>
         <load_address>0xa5f</load_address>
         <run_address>0xa5f</run_address>
         <size>0x4b</size>
         <input_file_ref idref="fl-c1"/>
      </object_component>
      <object_component id="oc-ff">
         <name>.debug_line</name>
         <load_address>0xaaa</load_address>
         <run_address>0xaaa</run_address>
         <size>0x3f</size>
         <input_file_ref idref="fl-c1"/>
      </object_component>
      <object_component id="oc-258">
         <name>.debug_line</name>
         <load_address>0xae9</load_address>
         <run_address>0xae9</run_address>
         <size>0x91</size>
         <input_file_ref idref="fl-c1"/>
      </object_component>
      <object_component id="oc-8c">
         <name>.debug_line</name>
         <load_address>0xb7a</load_address>
         <run_address>0xb7a</run_address>
         <size>0x57</size>
         <input_file_ref idref="fl-c2"/>
      </object_component>
      <object_component id="oc-45">
         <name>.debug_line</name>
         <load_address>0xbd1</load_address>
         <run_address>0xbd1</run_address>
         <size>0x88</size>
         <input_file_ref idref="fl-c3"/>
      </object_component>
      <object_component id="oc-87">
         <name>.debug_line</name>
         <load_address>0xc59</load_address>
         <run_address>0xc59</run_address>
         <size>0x57</size>
         <input_file_ref idref="fl-c4"/>
      </object_component>
      <object_component id="oc-124">
         <name>.debug_line</name>
         <load_address>0xcb0</load_address>
         <run_address>0xcb0</run_address>
         <size>0x92</size>
         <input_file_ref idref="fl-c5"/>
      </object_component>
      <object_component id="oc-ba">
         <name>.debug_line</name>
         <load_address>0xd42</load_address>
         <run_address>0xd42</run_address>
         <size>0x20</size>
         <input_file_ref idref="fl-c6"/>
      </object_component>
      <object_component id="oc-1d">
         <name>.debug_line</name>
         <load_address>0xd62</load_address>
         <run_address>0xd62</run_address>
         <size>0x55</size>
         <input_file_ref idref="fl-c6"/>
      </object_component>
      <object_component id="oc-4a">
         <name>.debug_line</name>
         <load_address>0xdb7</load_address>
         <run_address>0xdb7</run_address>
         <size>0x3a</size>
         <input_file_ref idref="fl-c6"/>
      </object_component>
      <object_component id="oc-b7">
         <name>.debug_line</name>
         <load_address>0xdf1</load_address>
         <run_address>0xdf1</run_address>
         <size>0x92</size>
         <input_file_ref idref="fl-c6"/>
      </object_component>
      <object_component id="oc-120">
         <name>.debug_line</name>
         <load_address>0xe83</load_address>
         <run_address>0xe83</run_address>
         <size>0x20</size>
         <input_file_ref idref="fl-c7"/>
      </object_component>
      <object_component id="oc-19">
         <name>.debug_line</name>
         <load_address>0xea3</load_address>
         <run_address>0xea3</run_address>
         <size>0xa9</size>
         <input_file_ref idref="fl-c7"/>
      </object_component>
      <object_component id="oc-3a">
         <name>.debug_line</name>
         <load_address>0xf4c</load_address>
         <run_address>0xf4c</run_address>
         <size>0x3a</size>
         <input_file_ref idref="fl-c7"/>
      </object_component>
      <object_component id="oc-11d">
         <name>.debug_line</name>
         <load_address>0xf86</load_address>
         <run_address>0xf86</run_address>
         <size>0x9a</size>
         <input_file_ref idref="fl-c7"/>
      </object_component>
      <object_component id="oc-b0">
         <name>.debug_line</name>
         <load_address>0x1020</load_address>
         <run_address>0x1020</run_address>
         <size>0x96</size>
         <input_file_ref idref="fl-c7"/>
      </object_component>
      <object_component id="oc-1e7">
         <name>.debug_line</name>
         <load_address>0x10b6</load_address>
         <run_address>0x10b6</run_address>
         <size>0x91</size>
         <input_file_ref idref="fl-c8"/>
      </object_component>
      <object_component id="oc-df">
         <name>.debug_line</name>
         <load_address>0x1147</load_address>
         <run_address>0x1147</run_address>
         <size>0x62</size>
         <input_file_ref idref="fl-c8"/>
      </object_component>
      <object_component id="oc-286">
         <name>.debug_line</name>
         <load_address>0x11a9</load_address>
         <run_address>0x11a9</run_address>
         <size>0x20</size>
         <input_file_ref idref="fl-c9"/>
      </object_component>
      <object_component id="oc-1e4">
         <name>.debug_line</name>
         <load_address>0x11c9</load_address>
         <run_address>0x11c9</run_address>
         <size>0x2b</size>
         <input_file_ref idref="fl-c9"/>
      </object_component>
      <object_component id="oc-1e9">
         <name>.debug_line</name>
         <load_address>0x11f4</load_address>
         <run_address>0x11f4</run_address>
         <size>0x20</size>
         <input_file_ref idref="fl-ca"/>
      </object_component>
      <object_component id="oc-e2">
         <name>.debug_line</name>
         <load_address>0x1214</load_address>
         <run_address>0x1214</run_address>
         <size>0xad</size>
         <input_file_ref idref="fl-ca"/>
      </object_component>
      <object_component id="oc-72">
         <name>.debug_line</name>
         <load_address>0x12c1</load_address>
         <run_address>0x12c1</run_address>
         <size>0x33</size>
         <input_file_ref idref="fl-cb"/>
      </object_component>
      <object_component id="oc-63">
         <name>.debug_line</name>
         <load_address>0x12f4</load_address>
         <run_address>0x12f4</run_address>
         <size>0x45</size>
         <input_file_ref idref="fl-cb"/>
      </object_component>
      <object_component id="oc-254">
         <name>.debug_line</name>
         <load_address>0x1339</load_address>
         <run_address>0x1339</run_address>
         <size>0x264</size>
         <input_file_ref idref="fl-cc"/>
      </object_component>
      <object_component id="oc-181">
         <name>.debug_line</name>
         <load_address>0x159d</load_address>
         <run_address>0x159d</run_address>
         <size>0x7a</size>
         <input_file_ref idref="fl-cc"/>
      </object_component>
      <object_component id="oc-21c">
         <name>.debug_line</name>
         <load_address>0x1617</load_address>
         <run_address>0x1617</run_address>
         <size>0x51</size>
         <input_file_ref idref="fl-cc"/>
      </object_component>
      <object_component id="oc-222">
         <name>.debug_line</name>
         <load_address>0x1668</load_address>
         <run_address>0x1668</run_address>
         <size>0x88</size>
         <input_file_ref idref="fl-cc"/>
      </object_component>
      <object_component id="oc-18c">
         <name>.debug_line</name>
         <load_address>0x16f0</load_address>
         <run_address>0x16f0</run_address>
         <size>0x14b</size>
         <input_file_ref idref="fl-cc"/>
      </object_component>
      <object_component id="oc-229">
         <name>.debug_line</name>
         <load_address>0x183b</load_address>
         <run_address>0x183b</run_address>
         <size>0xec</size>
         <input_file_ref idref="fl-cc"/>
      </object_component>
      <object_component id="oc-22f">
         <name>.debug_line</name>
         <load_address>0x1927</load_address>
         <run_address>0x1927</run_address>
         <size>0x5d</size>
         <input_file_ref idref="fl-cc"/>
      </object_component>
      <object_component id="oc-192">
         <name>.debug_line</name>
         <load_address>0x1984</load_address>
         <run_address>0x1984</run_address>
         <size>0x5c</size>
         <input_file_ref idref="fl-cc"/>
      </object_component>
      <object_component id="oc-198">
         <name>.debug_line</name>
         <load_address>0x19e0</load_address>
         <run_address>0x19e0</run_address>
         <size>0xae</size>
         <input_file_ref idref="fl-cc"/>
      </object_component>
      <object_component id="oc-19e">
         <name>.debug_line</name>
         <load_address>0x1a8e</load_address>
         <run_address>0x1a8e</run_address>
         <size>0x1ac</size>
         <input_file_ref idref="fl-cc"/>
      </object_component>
      <object_component id="oc-f6">
         <name>.debug_line</name>
         <load_address>0x1c3a</load_address>
         <run_address>0x1c3a</run_address>
         <size>0x76f</size>
         <input_file_ref idref="fl-cc"/>
      </object_component>
      <object_component id="oc-1b6">
         <name>.debug_line</name>
         <load_address>0x23a9</load_address>
         <run_address>0x23a9</run_address>
         <size>0x92</size>
         <input_file_ref idref="fl-cc"/>
      </object_component>
      <object_component id="oc-25d">
         <name>.debug_line</name>
         <load_address>0x243b</load_address>
         <run_address>0x243b</run_address>
         <size>0x92</size>
         <input_file_ref idref="fl-cc"/>
      </object_component>
      <object_component id="oc-2bc">
         <name>.debug_line</name>
         <load_address>0x24cd</load_address>
         <run_address>0x24cd</run_address>
         <size>0x9a</size>
         <input_file_ref idref="fl-cc"/>
      </object_component>
      <object_component id="oc-262">
         <name>.debug_line</name>
         <load_address>0x2567</load_address>
         <run_address>0x2567</run_address>
         <size>0x97</size>
         <input_file_ref idref="fl-cc"/>
      </object_component>
      <object_component id="oc-1bb">
         <name>.debug_line</name>
         <load_address>0x25fe</load_address>
         <run_address>0x25fe</run_address>
         <size>0x2e</size>
         <input_file_ref idref="fl-cc"/>
      </object_component>
      <object_component id="oc-216">
         <name>.debug_line</name>
         <load_address>0x262c</load_address>
         <run_address>0x262c</run_address>
         <size>0xd2</size>
         <input_file_ref idref="fl-cd"/>
      </object_component>
      <object_component id="oc-186">
         <name>.debug_line</name>
         <load_address>0x26fe</load_address>
         <run_address>0x26fe</run_address>
         <size>0x77</size>
         <input_file_ref idref="fl-ce"/>
      </object_component>
      <object_component id="oc-201">
         <name>.debug_line</name>
         <load_address>0x2775</load_address>
         <run_address>0x2775</run_address>
         <size>0x77</size>
         <input_file_ref idref="fl-ce"/>
      </object_component>
      <object_component id="oc-1fc">
         <name>.debug_line</name>
         <load_address>0x27ec</load_address>
         <run_address>0x27ec</run_address>
         <size>0xa8</size>
         <input_file_ref idref="fl-cf"/>
      </object_component>
      <object_component id="oc-1f7">
         <name>.debug_line</name>
         <load_address>0x2894</load_address>
         <run_address>0x2894</run_address>
         <size>0x8e</size>
         <input_file_ref idref="fl-d0"/>
      </object_component>
      <object_component id="oc-206">
         <name>.debug_line</name>
         <load_address>0x2922</load_address>
         <run_address>0x2922</run_address>
         <size>0x5a</size>
         <input_file_ref idref="fl-d1"/>
      </object_component>
      <object_component id="oc-211">
         <name>.debug_line</name>
         <load_address>0x297c</load_address>
         <run_address>0x297c</run_address>
         <size>0x50</size>
         <input_file_ref idref="fl-d2"/>
      </object_component>
      <object_component id="oc-c6">
         <name>.debug_line</name>
         <load_address>0x29cc</load_address>
         <run_address>0x29cc</run_address>
         <size>0x79</size>
         <input_file_ref idref="fl-d3"/>
      </object_component>
      <object_component id="oc-1f0">
         <name>.debug_line</name>
         <load_address>0x2a45</load_address>
         <run_address>0x2a45</run_address>
         <size>0x81</size>
         <input_file_ref idref="fl-d4"/>
      </object_component>
      <object_component id="oc-273">
         <name>.debug_line</name>
         <load_address>0x2ac6</load_address>
         <run_address>0x2ac6</run_address>
         <size>0xbf</size>
         <input_file_ref idref="fl-d5"/>
      </object_component>
      <object_component id="oc-137">
         <name>.debug_line</name>
         <load_address>0x2b85</load_address>
         <run_address>0x2b85</run_address>
         <size>0x6f</size>
         <input_file_ref idref="fl-d5"/>
      </object_component>
      <object_component id="oc-277">
         <name>.debug_line</name>
         <load_address>0x2bf4</load_address>
         <run_address>0x2bf4</run_address>
         <size>0x2e</size>
         <input_file_ref idref="fl-d5"/>
      </object_component>
      <object_component id="oc-2c4">
         <name>.debug_line</name>
         <load_address>0x2c22</load_address>
         <run_address>0x2c22</run_address>
         <size>0x9a</size>
         <input_file_ref idref="fl-d5"/>
      </object_component>
      <object_component id="oc-27c">
         <name>.debug_line</name>
         <load_address>0x2cbc</load_address>
         <run_address>0x2cbc</run_address>
         <size>0x97</size>
         <input_file_ref idref="fl-d5"/>
      </object_component>
      <object_component id="oc-281">
         <name>.debug_line</name>
         <load_address>0x2d53</load_address>
         <run_address>0x2d53</run_address>
         <size>0x93</size>
         <input_file_ref idref="fl-d5"/>
      </object_component>
      <object_component id="oc-cd">
         <name>.debug_line</name>
         <load_address>0x2de6</load_address>
         <run_address>0x2de6</run_address>
         <size>0x40</size>
         <input_file_ref idref="fl-d6"/>
      </object_component>
      <object_component id="oc-12e">
         <name>.debug_line</name>
         <load_address>0x2e26</load_address>
         <run_address>0x2e26</run_address>
         <size>0x3c</size>
         <input_file_ref idref="fl-d8"/>
      </object_component>
      <object_component id="oc-2cf">
         <name>.debug_line</name>
         <load_address>0x2e62</load_address>
         <run_address>0x2e62</run_address>
         <size>0x20</size>
         <input_file_ref idref="fl-da"/>
      </object_component>
      <object_component id="oc-20b">
         <name>.debug_line</name>
         <load_address>0x2e82</load_address>
         <run_address>0x2e82</run_address>
         <size>0x67</size>
         <input_file_ref idref="fl-da"/>
      </object_component>
      <object_component id="oc-2ad">
         <name>.debug_line</name>
         <load_address>0x2ee9</load_address>
         <run_address>0x2ee9</run_address>
         <size>0x20</size>
         <input_file_ref idref="fl-dc"/>
      </object_component>
      <object_component id="oc-1a3">
         <name>.debug_line</name>
         <load_address>0x2f09</load_address>
         <run_address>0x2f09</run_address>
         <size>0x48</size>
         <input_file_ref idref="fl-dc"/>
      </object_component>
      <object_component id="oc-2db">
         <name>.debug_line</name>
         <load_address>0x2f51</load_address>
         <run_address>0x2f51</run_address>
         <size>0x20</size>
         <input_file_ref idref="fl-dd"/>
      </object_component>
      <object_component id="oc-242">
         <name>.debug_line</name>
         <load_address>0x2f71</load_address>
         <run_address>0x2f71</run_address>
         <size>0xb0</size>
         <input_file_ref idref="fl-dd"/>
      </object_component>
      <object_component id="oc-288">
         <name>.debug_line</name>
         <load_address>0x3021</load_address>
         <run_address>0x3021</run_address>
         <size>0x20</size>
         <input_file_ref idref="fl-de"/>
      </object_component>
      <object_component id="oc-17a">
         <name>.debug_line</name>
         <load_address>0x3041</load_address>
         <run_address>0x3041</run_address>
         <size>0xae</size>
         <input_file_ref idref="fl-de"/>
      </object_component>
      <object_component id="oc-2b8">
         <name>.debug_line</name>
         <load_address>0x30ef</load_address>
         <run_address>0x30ef</run_address>
         <size>0x20</size>
         <input_file_ref idref="fl-df"/>
      </object_component>
      <object_component id="oc-2b6">
         <name>.debug_line</name>
         <load_address>0x310f</load_address>
         <run_address>0x310f</run_address>
         <size>0x2b</size>
         <input_file_ref idref="fl-df"/>
      </object_component>
      <object_component id="oc-1ac">
         <name>.debug_line</name>
         <load_address>0x313a</load_address>
         <run_address>0x313a</run_address>
         <size>0x40</size>
         <input_file_ref idref="fl-df"/>
      </object_component>
      <object_component id="oc-2b4">
         <name>.debug_line</name>
         <load_address>0x317a</load_address>
         <run_address>0x317a</run_address>
         <size>0x20</size>
         <input_file_ref idref="fl-e0"/>
      </object_component>
      <object_component id="oc-1a9">
         <name>.debug_line</name>
         <load_address>0x319a</load_address>
         <run_address>0x319a</run_address>
         <size>0x45</size>
         <input_file_ref idref="fl-e0"/>
      </object_component>
      <object_component id="oc-2b1">
         <name>.debug_line</name>
         <load_address>0x31df</load_address>
         <run_address>0x31df</run_address>
         <size>0x9a</size>
         <input_file_ref idref="fl-e0"/>
      </object_component>
      <object_component id="oc-24b">
         <name>.debug_line</name>
         <load_address>0x3279</load_address>
         <run_address>0x3279</run_address>
         <size>0x91</size>
         <input_file_ref idref="fl-e0"/>
      </object_component>
      <object_component id="oc-2d1">
         <name>.debug_line</name>
         <load_address>0x330a</load_address>
         <run_address>0x330a</run_address>
         <size>0x20</size>
         <input_file_ref idref="fl-e1"/>
      </object_component>
      <object_component id="oc-237">
         <name>.debug_line</name>
         <load_address>0x332a</load_address>
         <run_address>0x332a</run_address>
         <size>0x5e</size>
         <input_file_ref idref="fl-e1"/>
      </object_component>
      <object_component id="oc-2d5">
         <name>.debug_line</name>
         <load_address>0x3388</load_address>
         <run_address>0x3388</run_address>
         <size>0x9a</size>
         <input_file_ref idref="fl-e1"/>
      </object_component>
      <object_component id="oc-2a0">
         <name>.debug_line</name>
         <load_address>0x3422</load_address>
         <run_address>0x3422</run_address>
         <size>0x97</size>
         <input_file_ref idref="fl-e1"/>
      </object_component>
      <object_component id="oc-2d9">
         <name>.debug_line</name>
         <load_address>0x34b9</load_address>
         <run_address>0x34b9</run_address>
         <size>0x9b</size>
         <input_file_ref idref="fl-e2"/>
      </object_component>
      <object_component id="oc-23c">
         <name>.debug_line</name>
         <load_address>0x3554</load_address>
         <run_address>0x3554</run_address>
         <size>0xa4</size>
         <input_file_ref idref="fl-e2"/>
      </object_component>
      <object_component id="oc-28d">
         <name>.debug_line</name>
         <load_address>0x35f8</load_address>
         <run_address>0x35f8</run_address>
         <size>0x37</size>
         <input_file_ref idref="fl-e3"/>
      </object_component>
      <object_component id="oc-2a5">
         <name>.debug_line</name>
         <load_address>0x362f</load_address>
         <run_address>0x362f</run_address>
         <size>0x45</size>
         <input_file_ref idref="fl-e4"/>
      </object_component>
      <object_component id="oc-79">
         <name>.debug_frame</name>
         <load_address>0x0</load_address>
         <run_address>0x0</run_address>
         <size>0x54</size>
         <input_file_ref idref="fl-1"/>
      </object_component>
      <object_component id="oc-32">
         <name>.debug_frame</name>
         <load_address>0x54</load_address>
         <run_address>0x54</run_address>
         <size>0xc8</size>
         <input_file_ref idref="fl-3"/>
      </object_component>
      <object_component id="oc-81">
         <name>.debug_frame</name>
         <load_address>0x11c</load_address>
         <run_address>0x11c</run_address>
         <size>0x6c</size>
         <input_file_ref idref="fl-4"/>
      </object_component>
      <object_component id="oc-2c">
         <name>.debug_frame</name>
         <load_address>0x188</load_address>
         <run_address>0x188</run_address>
         <size>0x90</size>
         <input_file_ref idref="fl-5"/>
      </object_component>
      <object_component id="oc-7c">
         <name>.debug_frame</name>
         <load_address>0x218</load_address>
         <run_address>0x218</run_address>
         <size>0x14c</size>
         <input_file_ref idref="fl-6"/>
      </object_component>
      <object_component id="oc-9b">
         <name>.debug_frame</name>
         <load_address>0x364</load_address>
         <run_address>0x364</run_address>
         <size>0x58</size>
         <input_file_ref idref="fl-7"/>
      </object_component>
      <object_component id="oc-95">
         <name>.debug_frame</name>
         <load_address>0x3bc</load_address>
         <run_address>0x3bc</run_address>
         <size>0x70</size>
         <input_file_ref idref="fl-c1"/>
      </object_component>
      <object_component id="oc-f9">
         <name>.debug_frame</name>
         <load_address>0x42c</load_address>
         <run_address>0x42c</run_address>
         <size>0x5c</size>
         <input_file_ref idref="fl-c1"/>
      </object_component>
      <object_component id="oc-102">
         <name>.debug_frame</name>
         <load_address>0x488</load_address>
         <run_address>0x488</run_address>
         <size>0x54</size>
         <input_file_ref idref="fl-c1"/>
      </object_component>
      <object_component id="oc-1e">
         <name>.debug_frame</name>
         <load_address>0x4dc</load_address>
[...]
         <name>SEGMENT_0</name>
         <load_address>0x0</load_address>
         <run_address>0x0</run_address>
         <size>0x2ac8</size>
         <flags>0x5</flags>
         <contents>
            <logical_group_ref idref="lg-3"/>
            <logical_group_ref idref="lg-4"/>
            <logical_group_ref idref="lg-5"/>
            <logical_group_ref idref="lg-6"/>
         </contents>
      </load_segment>
      <load_segment id="lg-311" display="no" color="cyan">
         <name>SEGMENT_1</name>
         <run_address>0x20000000</run_address>
         <size>0x848</size>
         <flags>0x6</flags>
         <contents>
            <logical_group_ref idref="lg-d"/>
            <logical_group_ref idref="lg-a"/>
         </contents>
      </load_segment>
   </logical_group_list>
   <placement_map>
      <memory_area display="yes" color="green">
         <name>FLASH</name>
         <page_id>0x0</page_id>
         <origin>0x0</origin>
         <length>0x40000</length>
         <used_space>0x2ac5</used_space>
         <unused_space>0x3d53b</unused_space>
         <attributes>RX</attributes>
         <usage_details>
            <allocated_space>
               <start_address>0x0</start_address>
               <size>0x26c</size>
               <logical_group_ref idref="lg-3"/>
            </allocated_space>
            <allocated_space>
               <start_address>0x26c</start_address>
               <size>0x2730</size>
               <logical_group_ref idref="lg-4"/>
            </allocated_space>
            <allocated_space>
               <start_address>0x299c</start_address>
               <size>0x101</size>
               <logical_group_ref idref="lg-5"/>
            </allocated_space>
            <available_space>
               <start_address>0x2a9d</start_address>
               <size>0x3</size>
            </available_space>
            <allocated_space>
               <start_address>0x2aa0</start_address>
               <size>0x28</size>
               <logical_group_ref idref="lg-6"/>
            </allocated_space>
            <available_space>
               <start_address>0x2ac8</start_address>
               <size>0x3d538</size>
            </available_space>
         </usage_details>
      </memory_area>
      <memory_area display="yes" color="green">
         <name>SRAM</name>
         <page_id>0x0</page_id>
         <origin>0x20000000</origin>
         <length>0x8000</length>
         <used_space>0x848</used_space>
         <unused_space>0x77b8</unused_space>
         <attributes>RWX</attributes>
         <usage_details>
            <allocated_space>
               <start_address>0x20000000</start_address>
               <size>0x0</size>
               <logical_group_ref idref="lg-2de"/>
            </allocated_space>
            <allocated_space>
               <start_address>0x20000000</start_address>
               <size>0x800</size>
               <logical_group_ref idref="lg-d"/>
            </allocated_space>
            <allocated_space>
               <start_address>0x20000800</start_address>
               <size>0x48</size>
               <logical_group_ref idref="lg-a"/>
            </allocated_space>
            <available_space>
               <start_address>0x20000848</start_address>
               <size>0x77b8</size>
            </available_space>
         </usage_details>
      </memory_area>
   </placement_map>
   <cptbl_list>
      <cptbl>
         <name>__TI_cinit_table</name>
         <cprec>
            <name>.data</name>
            <load_address>0x2aa0</load_address>
            <load_size>0x16</load_size>
            <run_address>0x20000800</run_address>
            <run_size>0x48</run_size>
            <compression>lzss</compression>
         </cprec>
      </cptbl>
   </cptbl_list>
   <handler_table>
      <handler_table_name>__TI_handler_table</handler_table_name>
      <handler>
         <index>0x0</index>
         <name>__TI_decompress_lzss</name>
      </handler>
      <handler>
         <index>0x1</index>
         <name>__TI_decompress_none</name>
      </handler>
   </handler_table>
   <symbol_table>
      <symbol id="sm-1">
         <name>__STACK_TOP</name>
         <value>0x20000200</value>
      </symbol>
      <symbol id="sm-2">
         <name>__start___llvm_prf_cnts</name>
         <value>0x20000000</value>
      </symbol>
      <symbol id="sm-3">
         <name>__stop___llvm_prf_cnts</name>
         <value>0x20000000</value>
      </symbol>
      <symbol id="sm-4">
         <name>__TI_CINIT_Base</name>
         <value>0x2ac0</value>
      </symbol>
      <symbol id="sm-5">
         <name>__TI_CINIT_Limit</name>
         <value>0x2ac8</value>
      </symbol>
      <symbol id="sm-6">
         <name>__TI_Handler_Table_Base</name>
         <value>0x2ab8</value>
      </symbol>
      <symbol id="sm-7">
         <name>__TI_Handler_Table_Limit</name>
         <value>0x2ac0</value>
      </symbol>
      <symbol id="sm-8">
         <name>binit</name>
         <value>0xffffffff</value>
      </symbol>
      <symbol id="sm-9">
         <name>__binit__</name>
         <value>0xffffffff</value>
      </symbol>
      <symbol id="sm-a">
         <name>__STACK_SIZE</name>
         <value>0x800</value>
      </symbol>
      <symbol id="sm-b">
         <name>__STACK_END</name>
         <value>0x20000800</value>
      </symbol>
      <symbol id="sm-c">
         <name>__c_args__</name>
         <value>0xffffffff</value>
      </symbol>
      <symbol id="sm-d">
         <name>__TI_pprof_out_hndl</name>
         <value>0xffffffff</value>
      </symbol>
      <symbol id="sm-e">
         <name>__TI_prof_data_start</name>
         <value>0xffffffff</value>
      </symbol>
      <symbol id="sm-f">
         <name>__TI_prof_data_size</name>
         <value>0xffffffff</value>
      </symbol>
      <symbol id="sm-4a">
         <name>initSystemClockTo40Mhz</name>
         <value>0x2959</value>
         <object_component_ref idref="oc-74"/>
      </symbol>
      <symbol id="sm-b0">
         <name>left_distance_in</name>
         <value>0x20000814</value>
         <object_component_ref idref="oc-9c"/>
      </symbol>
      <symbol id="sm-b1">
         <name>right_rpm</name>
         <value>0x20000828</value>
         <object_component_ref idref="oc-9c"/>
      </symbol>
      <symbol id="sm-b2">
         <name>initHw</name>
         <value>0xcbd</value>
         <object_component_ref idref="oc-2d"/>
      </symbol>
      <symbol id="sm-b3">
         <name>WideTimer1A_Handler</name>
         <value>0xd63</value>
         <object_component_ref idref="oc-2d"/>
      </symbol>
      <symbol id="sm-b4">
         <name>prev_right_distance_in</name>
         <value>0x20000840</value>
         <object_component_ref idref="oc-9c"/>
      </symbol>
      <symbol id="sm-b5">
         <name>prev_left_distance_in</name>
         <value>0x2000083c</value>
         <object_component_ref idref="oc-9c"/>
      </symbol>
      <symbol id="sm-b6">
         <name>right_edges</name>
         <value>0x20000820</value>
         <object_component_ref idref="oc-9c"/>
      </symbol>
      <symbol id="sm-b7">
         <name>main</name>
         <value>0xdbd</value>
         <object_component_ref idref="oc-2d"/>
      </symbol>
      <symbol id="sm-b8">
         <name>WideTimer1B_Handler</name>
         <value>0xd8f</value>
         <object_component_ref idref="oc-2d"/>
      </symbol>
      <symbol id="sm-b9">
         <name>left_ticks</name>
         <value>0x20000800</value>
         <object_component_ref idref="oc-9c"/>
      </symbol>
      <symbol id="sm-ba">
         <name>left_edges</name>
         <value>0x20000808</value>
         <object_component_ref idref="oc-9c"/>
      </symbol>
      <symbol id="sm-bb">
         <name>robot_angle_deg</name>
         <value>0x20000834</value>
         <object_component_ref idref="oc-9c"/>
      </symbol>
      <symbol id="sm-bc">
         <name>robot_angle_rad</name>
         <value>0x20000830</value>
         <object_component_ref idref="oc-9c"/>
      </symbol>
      <symbol id="sm-bd">
         <name>right_ticks</name>
         <value>0x20000818</value>
         <object_component_ref idref="oc-9c"/>
      </symbol>
      <symbol id="sm-be">
         <name>robot_distance_in</name>
         <value>0x20000838</value>
         <object_component_ref idref="oc-9c"/>
      </symbol>
      <symbol id="sm-bf">
         <name>enableDualEncoderCaptureMode</name>
         <value>0xd07</value>
         <object_component_ref idref="oc-2d"/>
      </symbol>
      <symbol id="sm-c0">
         <name>left_rpm</name>
         <value>0x20000810</value>
         <object_component_ref idref="oc-9c"/>
      </symbol>
      <symbol id="sm-c1">
         <name>right_distance_in</name>
         <value>0x2000082c</value>
         <object_component_ref idref="oc-9c"/>
      </symbol>
      <symbol id="sm-de">
         <name>setRgbColor</name>
         <value>0x1e51</value>
         <object_component_ref idref="oc-80"/>
      </symbol>
      <symbol id="sm-df">
         <name>initRgb</name>
         <value>0x1da9</value>
         <object_component_ref idref="oc-80"/>
      </symbol>
      <symbol id="sm-fb">
         <name>ResetISR</name>
         <value>0x2977</value>
         <object_component_ref idref="oc-27"/>
      </symbol>
      <symbol id="sm-fc">
         <name>g_pfnVectors</name>
         <value>0x0</value>
         <object_component_ref idref="oc-12"/>
      </symbol>
      <symbol id="sm-13f">
         <name>getcUart0</name>
         <value>0x1187</value>
         <object_component_ref idref="oc-7a"/>
      </symbol>
      <symbol id="sm-140">
         <name>isCommand</name>
         <value>0x13dd</value>
         <object_component_ref idref="oc-7a"/>
      </symbol>
      <symbol id="sm-141">
         <name>getFieldString</name>
         <value>0x1343</value>
         <object_component_ref idref="oc-7a"/>
      </symbol>
      <symbol id="sm-142">
         <name>parseFields</name>
         <value>0x1233</value>
         <object_component_ref idref="oc-7a"/>
      </symbol>
      <symbol id="sm-143">
         <name>kbhitUart0</name>
         <value>0x119b</value>
         <object_component_ref idref="oc-7a"/>
      </symbol>
      <symbol id="sm-144">
         <name>getFieldInteger</name>
         <value>0x1373</value>
         <object_component_ref idref="oc-7a"/>
      </symbol>
      <symbol id="sm-145">
         <name>setUart0BaudRate</name>
         <value>0x10fb</value>
         <object_component_ref idref="oc-7a"/>
      </symbol>
      <symbol id="sm-146">
         <name>putsUart0</name>
         <value>0x115b</value>
         <object_component_ref idref="oc-7a"/>
      </symbol>
      <symbol id="sm-147">
         <name>initUart0</name>
         <value>0x1091</value>
         <object_component_ref idref="oc-7a"/>
      </symbol>
      <symbol id="sm-148">
         <name>putcUart0</name>
         <value>0x113f</value>
         <object_component_ref idref="oc-7a"/>
      </symbol>
      <symbol id="sm-149">
         <name>getsUart0</name>
         <value>0x11b5</value>
         <object_component_ref idref="oc-7a"/>
      </symbol>
      <symbol id="sm-157">
         <name>waitMicrosecond</name>
         <value>0x2893</value>
         <object_component_ref idref="oc-96"/>
      </symbol>
      <symbol id="sm-17e">
         <name>sprintf</name>
         <value>0x2745</value>
         <object_component_ref idref="oc-90"/>
      </symbol>
      <symbol id="sm-189">
         <name>__aeabi_f2d</name>
         <value>0x27c3</value>
         <object_component_ref idref="oc-8b"/>
      </symbol>
      <symbol id="sm-1a4">
         <name>memcpy</name>
         <value>0x217f</value>
         <object_component_ref idref="oc-41"/>
      </symbol>
      <symbol id="sm-1a5">
         <name>__aeabi_memcpy</name>
         <value>0x217f</value>
         <object_component_ref idref="oc-41"/>
      </symbol>
      <symbol id="sm-1a6">
         <name>__aeabi_memcpy8</name>
         <value>0x217f</value>
         <object_component_ref idref="oc-41"/>
      </symbol>
      <symbol id="sm-1a7">
         <name>__aeabi_memcpy4</name>
         <value>0x217f</value>
         <object_component_ref idref="oc-41"/>
      </symbol>
      <symbol id="sm-1b2">
         <name>__aeabi_ul2f</name>
         <value>0x27fb</value>
         <object_component_ref idref="oc-86"/>
      </symbol>
      <symbol id="sm-1cf">
         <name>__TI_decompress_none</name>
         <value>0x2969</value>
         <object_component_ref idref="oc-1b"/>
      </symbol>
      <symbol id="sm-1f2">
         <name>__TI_decompress_lzss</name>
         <value>0x24a5</value>
         <object_component_ref idref="oc-15"/>
      </symbol>
      <symbol id="sm-208">
         <name>atoi</name>
         <value>0x266d</value>
         <object_component_ref idref="oc-db"/>
      </symbol>
      <symbol id="sm-213">
         <name>_ctypes_</name>
         <value>0x299c</value>
         <object_component_ref idref="oc-168"/>
      </symbol>
      <symbol id="sm-222">
         <name>strcmp</name>
         <value>0x2905</value>
         <object_component_ref idref="oc-e1"/>
      </symbol>
      <symbol id="sm-235">
         <name>__stack</name>
         <value>0x20000000</value>
         <object_component_ref idref="oc-24"/>
      </symbol>
      <symbol id="sm-236">
         <name>_c_int00_noargs</name>
         <value>0x2831</value>
         <object_component_ref idref="oc-5f"/>
      </symbol>
      <symbol id="sm-39b">
         <name>__TI_printfi</name>
         <value>0x26d</value>
         <object_component_ref idref="oc-f1"/>
      </symbol>
      <symbol id="sm-3b2">
         <name>__aeabi_dsub</name>
         <value>0x1859</value>
         <object_component_ref idref="oc-212"/>
      </symbol>
      <symbol id="sm-3b3">
         <name>__aeabi_dadd</name>
         <value>0x1863</value>
         <object_component_ref idref="oc-212"/>
      </symbol>
      <symbol id="sm-3d5">
         <name>__aeabi_cdcmpeq</name>
         <value>0x22b1</value>
         <object_component_ref idref="oc-182"/>
      </symbol>
      <symbol id="sm-3d6">
         <name>__aeabi_cdcmple</name>
         <value>0x22b1</value>
         <object_component_ref idref="oc-182"/>
      </symbol>
      <symbol id="sm-3d7">
         <name>__aeabi_cdrcmple</name>
         <value>0x2337</value>
         <object_component_ref idref="oc-1fd"/>
      </symbol>
      <symbol id="sm-3eb">
         <name>__aeabi_ddiv</name>
         <value>0x1b4d</value>
         <object_component_ref idref="oc-1f8"/>
      </symbol>
      <symbol id="sm-3f6">
         <name>__aeabi_dmul</name>
         <value>0x1fd1</value>
         <object_component_ref idref="oc-1f3"/>
      </symbol>
      <symbol id="sm-400">
         <name>__aeabi_d2iz</name>
         <value>0x26b9</value>
         <object_component_ref idref="oc-202"/>
      </symbol>
      <symbol id="sm-40a">
         <name>__aeabi_i2d</name>
         <value>0x2865</value>
         <object_component_ref idref="oc-20d"/>
      </symbol>
      <symbol id="sm-419">
         <name>__aeabi_memset</name>
         <value>0x23bf</value>
         <object_component_ref idref="oc-c2"/>
      </symbol>
      <symbol id="sm-41a">
         <name>memset</name>
         <value>0x23c5</value>
         <object_component_ref idref="oc-c2"/>
      </symbol>
      <symbol id="sm-41b">
         <name>__aeabi_memset8</name>
         <value>0x23bf</value>
         <object_component_ref idref="oc-c2"/>
      </symbol>
      <symbol id="sm-41c">
         <name>__aeabi_memset4</name>
         <value>0x23bf</value>
         <object_component_ref idref="oc-c2"/>
      </symbol>
      <symbol id="sm-41d">
         <name>__aeabi_memclr8</name>
         <value>0x23bd</value>
         <object_component_ref idref="oc-c2"/>
      </symbol>
      <symbol id="sm-41e">
         <name>__aeabi_memclr4</name>
         <value>0x23bd</value>
         <object_component_ref idref="oc-c2"/>
      </symbol>
      <symbol id="sm-41f">
         <name>__aeabi_memclr</name>
         <value>0x23bd</value>
         <object_component_ref idref="oc-c2"/>
      </symbol>
      <symbol id="sm-42c">
         <name>__aeabi_uldivmod</name>
         <value>0x221b</value>
         <object_component_ref idref="oc-1ec"/>
      </symbol>
      <symbol id="sm-454">
         <name>__TI_auto_init_nobinit_nopinit</name>
         <value>0x2701</value>
         <object_component_ref idref="oc-136"/>
      </symbol>
      <symbol id="sm-45e">
         <name>_system_pre_init</name>
         <value>0x2995</value>
         <object_component_ref idref="oc-c8"/>
      </symbol>
      <symbol id="sm-46a">
         <name>C$$EXIT</name>
         <value>0x2999</value>
         <object_component_ref idref="oc-12a"/>
      </symbol>
      <symbol id="sm-46b">
         <name>abort</name>
         <value>0x2999</value>
         <object_component_ref idref="oc-12a"/>
      </symbol>
      <symbol id="sm-47b">
         <name>__TI_ltoa</name>
         <value>0x25c7</value>
         <object_component_ref idref="oc-207"/>
      </symbol>
      <symbol id="sm-48c">
         <name>memccpy</name>
         <value>0x28b7</value>
         <object_component_ref idref="oc-19f"/>
      </symbol>
      <symbol id="sm-49c">
         <name>strchr</name>
         <value>0x291d</value>
         <object_component_ref idref="oc-23e"/>
      </symbol>
      <symbol id="sm-4aa">
         <name>strlen</name>
         <value>0x2933</value>
         <object_component_ref idref="oc-176"/>
      </symbol>
      <symbol id="sm-4c0">
         <name>__aeabi_errno_addr</name>
         <value>0x298d</value>
         <object_component_ref idref="oc-1ab"/>
      </symbol>
      <symbol id="sm-4c1">
         <name>errno</name>
         <value>0x20000844</value>
         <object_component_ref idref="oc-24e"/>
      </symbol>
      <symbol id="sm-4da">
         <name>wcslen</name>
         <value>0x2947</value>
         <object_component_ref idref="oc-1a5"/>
      </symbol>
      <symbol id="sm-4fa">
         <name>frexpl</name>
         <value>0x250d</value>
         <object_component_ref idref="oc-232"/>
      </symbol>
      <symbol id="sm-4fb">
         <name>frexp</name>
         <value>0x250d</value>
         <object_component_ref idref="oc-232"/>
      </symbol>
      <symbol id="sm-518">
         <name>scalbn</name>
         <value>0x1ec1</value>
         <object_component_ref idref="oc-238"/>
      </symbol>
      <symbol id="sm-519">
         <name>scalbnl</name>
         <value>0x1ec1</value>
         <object_component_ref idref="oc-238"/>
      </symbol>
      <symbol id="sm-51a">
         <name>ldexpl</name>
         <value>0x1ec1</value>
         <object_component_ref idref="oc-238"/>
      </symbol>
      <symbol id="sm-51b">
         <name>ldexp</name>
         <value>0x1ec1</value>
         <object_component_ref idref="oc-238"/>
      </symbol>
      <symbol id="sm-525">
         <name>__aeabi_idiv0</name>
         <value>0xcbb</value>
         <object_component_ref idref="oc-289"/>
      </symbol>
      <symbol id="sm-526">
         <name>__aeabi_ldiv0</name>
         <value>0xcbb</value>
         <object_component_ref idref="oc-289"/>
      </symbol>
      <symbol id="sm-530">
         <name>copysign</name>
         <value>0x28d3</value>
         <object_component_ref idref="oc-2a2"/>
      </symbol>
      <symbol id="sm-531">
         <name>copysignl</name>
         <value>0x28d3</value>
         <object_component_ref idref="oc-2a2"/>
      </symbol>
      <symbol id="sm-532">
         <name>__TI_static_base__</name>
         <value>0x0</value>
      </symbol>
      <symbol id="sm-535">
         <name>__mpu_init</name>
         <value>0x0</value>
      </symbol>
      <symbol id="sm-536">
         <name>_system_post_cinit</name>
         <value>0x0</value>
      </symbol>
   </symbol_table>
   <title>Link successful</title>
</link_info>
