******************************************************************************
                  TI ARM Linker Unix v20.2.7                   
******************************************************************************
>> Linked Wed Nov  5 16:50:51 2025

OUTPUT FILE NAME:   <IGVC_encoder.out>
ENTRY POINT SYMBOL: "_c_int00_noargs"  address: 00002831


MEMORY CONFIGURATION

         name            origin    length      used     unused   attr    fill
----------------------  --------  ---------  --------  --------  ----  --------
  FLASH                 00000000   00040000  00002ac5  0003d53b  R  X
  SRAM                  20000000   00008000  00000848  000077b8  RW X


SEGMENT ALLOCATION MAP

run origin  load origin   length   init length attrs members
----------  ----------- ---------- ----------- ----- -------
00000000    00000000    00002ac8   00002ac8    r-x
  00000000    00000000    0000026c   0000026c    r-- .intvecs
  0000026c    0000026c    00002730   00002730    r-x .text
  0000299c    0000299c    00000101   00000101    r-- .const
  00002aa0    00002aa0    00000028   00000028    r-- .cinit
20000000    20000000    00000848   00000000    rw-
  20000000    20000000    00000800   00000000    rw- .stack
  20000800    20000800    00000048   00000000    rw- .data


SECTION ALLOCATION MAP

 output                                  attributes/
section   page    origin      length       input sections
--------  ----  ----------  ----------   ----------------
.intvecs   0    00000000    0000026c     
                  00000000    0000026c     tm4c123gh6pm_startup_ccs.obj (.intvecs)

.text      0    0000026c    00002730     
                  0000026c    00000a4e     rtsv7M4_T_le_v4SPD16_eabi.lib : _printfi.c.obj (.text:__TI_printfi)
                  00000cba    00000002                                   : div0.asm.obj (.text)
                  00000cbc    000003d4     main.obj (.text)
                  00001090    00000388     uart0.obj (.text)
                  00001418    00000270     rtsv7M4_T_le_v4SPD16_eabi.lib : _printfi.c.obj (.text:_pconv_a)
                  00001688    000001d0                                   : _printfi.c.obj (.text:_pconv_g)
                  00001858    000001b6                                   : fd_add_t2.asm.obj (.text)
                  00001a0e    00000002     --HOLE-- [fill = 0]
                  00001a10    0000013c                                   : _printfi.c.obj (.text:_pconv_e)
                  00001b4c    00000136                                   : fd_div_t2.asm.obj (.text)
                  00001c82    00000002     --HOLE-- [fill = 0]
                  00001c84    00000124                                   : _printfi.c.obj (.text:fcvt)
                  00001da8    00000118     rgb_led.obj (.text)
                  00001ec0    00000110     rtsv7M4_T_le_v4SPD16_eabi.lib : s_scalbn.c.obj (.text:scalbn)
                  00001fd0    000000fc                                   : fd_mul_t2.asm.obj (.text)
                  000020cc    000000b1                                   : _printfi.c.obj (.text:_ltostr)
                  0000217d    00000001     --HOLE-- [fill = 0]
                  0000217e    0000009c                                   : memcpy_t2.asm.obj (.text)
                  0000221a    00000096                                   : ull_div_t2.asm.obj (.text)
                  000022b0    00000086                                   : fd_cmp_t2.asm.obj (.text:__aeabi_cdcmple)
                  00002336    00000086                                   : fd_cmp_t2.asm.obj (.text:__aeabi_cdrcmple)
                  000023bc    0000007a                                   : memset_t2.asm.obj (.text)
                  00002436    0000006e                                   : _printfi.c.obj (.text:_mcpy)
                  000024a4    00000068                                   : copy_decompress_lzss.c.obj (.text:decompress:lzss:__TI_decompress_lzss)
                  0000250c    00000064                                   : s_frexp.c.obj (.text:frexp)
                  00002570    00000056                                   : _printfi.c.obj (.text:_pconv_f)
                  000025c6    00000054                                   : _ltoa.c.obj (.text:__TI_ltoa)
                  0000261a    00000052                                   : _printfi.c.obj (.text:_ecpy)
                  0000266c    0000004c                                   : atoi.c.obj (.text:atoi)
                  000026b8    00000048                                   : fd_toi_t2.asm.obj (.text)
                  00002700    00000044                                   : autoinit.c.obj (.text:__TI_auto_init_nobinit_nopinit:__TI_auto_init_nobinit_nopinit)
                  00002744    00000040                                   : sprintf.c.obj (.text:sprintf)
                  00002784    0000003e                                   : _printfi.c.obj (.text:_fcpy)
                  000027c2    00000038                                   : fs_tod_t2.asm.obj (.text)
                  000027fa    00000036                                   : ull_tofs_t2.asm.obj (.text)
                  00002830    00000034                                   : boot_cortex_m.c.obj (.text:_c_int00_noargs:_c_int00_noargs)
                  00002864    0000002e                                   : i_tofd_t2.asm.obj (.text)
                  00002892    00000024     wait.obj (.text)
                  000028b6    0000001c     rtsv7M4_T_le_v4SPD16_eabi.lib : memccpy.c.obj (.text:memccpy)
                  000028d2    0000001a                                   : s_copysign.c.obj (.text:copysign)
                  000028ec    00000018                                   : sprintf.c.obj (.text:_outs)
                  00002904    00000018                                   : strcmp.c.obj (.text:strcmp)
                  0000291c    00000016                                   : strchr.c.obj (.text:strchr)
                  00002932    00000014                                   : strlen.c.obj (.text:strlen)
                  00002946    00000012                                   : wcslen.c.obj (.text:wcslen)
                  00002958    00000010     clock.obj (.text)
                  00002968    0000000e     rtsv7M4_T_le_v4SPD16_eabi.lib : copy_decompress_none.c.obj (.text:decompress:none:__TI_decompress_none)
                  00002976    0000000c     tm4c123gh6pm_startup_ccs.obj (.text)
                  00002982    0000000a     rtsv7M4_T_le_v4SPD16_eabi.lib : sprintf.c.obj (.text:_outc)
                  0000298c    00000008                                   : errno.c.obj (.text:__aeabi_errno_addr)
                  00002994    00000004                                   : pre_init.c.obj (.text:_system_pre_init)
                  00002998    00000004                                   : exit.c.obj (.text:abort:abort)

.const     0    0000299c    00000101     
                  0000299c    00000101     rtsv7M4_T_le_v4SPD16_eabi.lib : ctype.c.obj (.const:.string:_ctypes_)

.cinit     0    00002aa0    00000028     
                  00002aa0    00000016     (.cinit..data.load) [load image, compression = lzss]
                  00002ab6    00000002     --HOLE-- [fill = 0]
                  00002ab8    00000008     (__TI_handler_table)
                  00002ac0    00000008     (__TI_cinit_table)

.init_array 
*          0    00000000    00000000     UNINITIALIZED

.data      0    20000800    00000048     UNINITIALIZED
                  20000800    00000044     main.obj (.data)
                  20000844    00000004     rtsv7M4_T_le_v4SPD16_eabi.lib : errno.c.obj (.data)

.stack     0    20000000    00000800     UNINITIALIZED
                  20000000    00000004     rtsv7M4_T_le_v4SPD16_eabi.lib : boot_cortex_m.c.obj (.stack)
                  20000004    000007fc     --HOLE--

__llvm_prf_cnts 
*          0    20000000    00000000     UNINITIALIZED

MODULE SUMMARY

       Module                         code    ro data   rw data
       ------                         ----    -------   -------
    ./
       main.obj                       980     0         68     
       uart0.obj                      904     0         0      
       tm4c123gh6pm_startup_ccs.obj   12      620       0      
       rgb_led.obj                    280     0         0      
       wait.obj                       36      0         0      
       clock.obj                      16      0         0      
    +--+------------------------------+-------+---------+---------+
       Total:                         2228    620       68     
                                                               
    /Applications/ti/ccs1280/ccs/tools/compiler/ti-cgt-arm_20.2.7.LTS/lib/rtsv7M4_T_le_v4SPD16_eabi.lib
       _printfi.c.obj                 4851    0         0      
       fd_add_t2.asm.obj              438     0         0      
       fd_div_t2.asm.obj              310     0         0      
       s_scalbn.c.obj                 272     0         0      
       fd_cmp_t2.asm.obj              268     0         0      
       ctype.c.obj                    0       257       0      
       fd_mul_t2.asm.obj              252     0         0      
       memcpy_t2.asm.obj              156     0         0      
       ull_div_t2.asm.obj             150     0         0      
       memset_t2.asm.obj              122     0         0      
       copy_decompress_lzss.c.obj     104     0         0      
       s_frexp.c.obj                  100     0         0      
       sprintf.c.obj                  98      0         0      
       _ltoa.c.obj                    84      0         0      
       atoi.c.obj                     76      0         0      
       fd_toi_t2.asm.obj              72      0         0      
       autoinit.c.obj                 68      0         0      
       fs_tod_t2.asm.obj              56      0         0      
       ull_tofs_t2.asm.obj            54      0         0      
       boot_cortex_m.c.obj            52      0         0      
       i_tofd_t2.asm.obj              46      0         0      
       memccpy.c.obj                  28      0         0      
       s_copysign.c.obj               26      0         0      
       strcmp.c.obj                   24      0         0      
       strchr.c.obj                   22      0         0      
       strlen.c.obj                   20      0         0      
       wcslen.c.obj                   18      0         0      
       copy_decompress_none.c.obj     14      0         0      
       errno.c.obj                    8       0         4      
       exit.c.obj                     4       0         0      
       pre_init.c.obj                 4       0         0      
       div0.asm.obj                   2       0         0      
    +--+------------------------------+-------+---------+---------+
       Total:                         7799    257       4      
                                                               
       Stack:                         0       0         2048   
       Linker Generated:              0       38        0      
    +--+------------------------------+-------+---------+---------+
       Grand Total:                   10027   915       2120   


LINKER GENERATED COPY TABLES

__TI_cinit_table @ 00002ac0 records: 1, size/record: 8, table size: 8
	.data: load addr=00002aa0, load size=00000016 bytes, run addr=20000800, run size=00000048 bytes, compression=lzss


LINKER GENERATED HANDLER TABLE

__TI_handler_table @ 00002ab8 records: 2, size/record: 4, table size: 8
	index: 0, handler: __TI_decompress_lzss
	index: 1, handler: __TI_decompress_none


GLOBAL SYMBOLS: SORTED ALPHABETICALLY BY Name 

address   name                          
-------   ----                          
00002999  C$$EXIT                       
00002977  ResetISR                      
00000d63  WideTimer1A_Handler           
00000d8f  WideTimer1B_Handler           
20000800  __STACK_END                   
00000800  __STACK_SIZE                  
20000200  __STACK_TOP                   
00002ac0  __TI_CINIT_Base               
00002ac8  __TI_CINIT_Limit              
00002ab8  __TI_Handler_Table_Base       
00002ac0  __TI_Handler_Table_Limit      
00002701  __TI_auto_init_nobinit_nopinit
000024a5  __TI_decompress_lzss          
00002969  __TI_decompress_none          
000025c7  __TI_ltoa                     
ffffffff  __TI_pprof_out_hndl           
0000026d  __TI_printfi                  
ffffffff  __TI_prof_data_size           
ffffffff  __TI_prof_data_start          
00000000  __TI_static_base__            
000022b1  __aeabi_cdcmpeq               
000022b1  __aeabi_cdcmple               
00002337  __aeabi_cdrcmple              
000026b9  __aeabi_d2iz                  
00001863  __aeabi_dadd                  
00001b4d  __aeabi_ddiv                  
00001fd1  __aeabi_dmul                  
00001859  __aeabi_dsub                  
0000298d  __aeabi_errno_addr            
000027c3  __aeabi_f2d                   
00002865  __aeabi_i2d                   
00000cbb  __aeabi_idiv0                 
00000cbb  __aeabi_ldiv0                 
000023bd  __aeabi_memclr                
000023bd  __aeabi_memclr4               
000023bd  __aeabi_memclr8               
0000217f  __aeabi_memcpy                
0000217f  __aeabi_memcpy4               
0000217f  __aeabi_memcpy8               
000023bf  __aeabi_memset                
000023bf  __aeabi_memset4               
000023bf  __aeabi_memset8               
000027fb  __aeabi_ul2f                  
0000221b  __aeabi_uldivmod              
ffffffff  __binit__                     
ffffffff  __c_args__                    
UNDEFED   __mpu_init                    
20000000  __stack                       
20000000  __start___llvm_prf_cnts       
20000000  __stop___llvm_prf_cnts        
00002831  _c_int00_noargs               
0000299c  _ctypes_                      
UNDEFED   _system_post_cinit            
00002995  _system_pre_init              
00002999  abort                         
0000266d  atoi                          
ffffffff  binit                         
000028d3  copysign                      
000028d3  copysignl                     
00000d07  enableDualEncoderCaptureMode  
20000844  errno                         
0000250d  frexp                         
0000250d  frexpl                        
00000000  g_pfnVectors                  
00001373  getFieldInteger               
00001343  getFieldString                
00001187  getcUart0                     
000011b5  getsUart0                     
00000cbd  initHw                        
00001da9  initRgb                       
00002959  initSystemClockTo40Mhz        
00001091  initUart0                     
000013dd  isCommand                     
0000119b  kbhitUart0                    
00001ec1  ldexp                         
00001ec1  ldexpl                        
20000814  left_distance_in              
20000808  left_edges                    
20000810  left_rpm                      
20000800  left_ticks                    
00000dbd  main                          
000028b7  memccpy                       
0000217f  memcpy                        
000023c5  memset                        
00001233  parseFields                   
2000083c  prev_left_distance_in         
20000840  prev_right_distance_in        
0000113f  putcUart0                     
0000115b  putsUart0                     
2000082c  right_distance_in             
20000820  right_edges                   
20000828  right_rpm                     
20000818  right_ticks                   
20000834  robot_angle_deg               
20000830  robot_angle_rad               
20000838  robot_distance_in             
00001ec1  scalbn                        
00001ec1  scalbnl                       
00001e51  setRgbColor                   
000010fb  setUart0BaudRate              
00002745  sprintf                       
0000291d  strchr                        
00002905  strcmp                        
00002933  strlen                        
00002893  waitMicrosecond               
00002947  wcslen                        


GLOBAL SYMBOLS: SORTED BY Symbol Address 

address   name                          
-------   ----                          
00000000  __TI_static_base__            
00000000  g_pfnVectors                  
0000026d  __TI_printfi                  
00000800  __STACK_SIZE                  
00000cbb  __aeabi_idiv0                 
00000cbb  __aeabi_ldiv0                 
00000cbd  initHw                        
00000d07  enableDualEncoderCaptureMode  
00000d63  WideTimer1A_Handler           
00000d8f  WideTimer1B_Handler           
00000dbd  main                          
00001091  initUart0                     
000010fb  setUart0BaudRate              
0000113f  putcUart0                     
0000115b  putsUart0                     
00001187  getcUart0                     
0000119b  kbhitUart0                    
000011b5  getsUart0                     
00001233  parseFields                   
00001343  getFieldString                
00001373  getFieldInteger               
000013dd  isCommand                     
00001859  __aeabi_dsub                  
00001863  __aeabi_dadd                  
00001b4d  __aeabi_ddiv                  
00001da9  initRgb                       
00001e51  setRgbColor                   
00001ec1  ldexp                         
00001ec1  ldexpl                        
00001ec1  scalbn                        
00001ec1  scalbnl                       
00001fd1  __aeabi_dmul                  
0000217f  __aeabi_memcpy                
0000217f  __aeabi_memcpy4               
0000217f  __aeabi_memcpy8               
0000217f  memcpy                        
0000221b  __aeabi_uldivmod              
000022b1  __aeabi_cdcmpeq               
000022b1  __aeabi_cdcmple               
00002337  __aeabi_cdrcmple              
000023bd  __aeabi_memclr                
000023bd  __aeabi_memclr4               
000023bd  __aeabi_memclr8               
000023bf  __aeabi_memset                
000023bf  __aeabi_memset4               
000023bf  __aeabi_memset8               
000023c5  memset                        
000024a5  __TI_decompress_lzss          
0000250d  frexp                         
0000250d  frexpl                        
000025c7  __TI_ltoa                     
0000266d  atoi                          
000026b9  __aeabi_d2iz                  
00002701  __TI_auto_init_nobinit_nopinit
00002745  sprintf                       
000027c3  __aeabi_f2d                   
000027fb  __aeabi_ul2f                  
00002831  _c_int00_noargs               
00002865  __aeabi_i2d                   
00002893  waitMicrosecond               
000028b7  memccpy                       
000028d3  copysign                      
000028d3  copysignl                     
00002905  strcmp                        
0000291d  strchr                        
00002933  strlen                        
00002947  wcslen                        
00002959  initSystemClockTo40Mhz        
00002969  __TI_decompress_none          
00002977  ResetISR                      
0000298d  __aeabi_errno_addr            
00002995  _system_pre_init              
00002999  C$$EXIT                       
00002999  abort                         
0000299c  _ctypes_                      
00002ab8  __TI_Handler_Table_Base       
00002ac0  __TI_CINIT_Base               
00002ac0  __TI_Handler_Table_Limit      
00002ac8  __TI_CINIT_Limit              
20000000  __stack                       
20000000  __start___llvm_prf_cnts       
20000000  __stop___llvm_prf_cnts        
20000200  __STACK_TOP                   
20000800  __STACK_END                   
20000800  left_ticks                    
20000808  left_edges                    
20000810  left_rpm                      
20000814  left_distance_in              
20000818  right_ticks                   
20000820  right_edges                   
20000828  right_rpm                     
2000082c  right_distance_in             
20000830  robot_angle_rad               
20000834  robot_angle_deg               
20000838  robot_distance_in             
2000083c  prev_left_distance_in         
20000840  prev_right_distance_in        
20000844  errno                         
ffffffff  __TI_pprof_out_hndl           
ffffffff  __TI_prof_data_size           
ffffffff  __TI_prof_data_start          
ffffffff  __binit__                     
ffffffff  __c_args__                    
ffffffff  binit                         
UNDEFED   __mpu_init                    
UNDEFED   _system_post_cinit            

[106 symbols]
